###############################################################################
#                                                                             #
# IAR ELF Linker V6.40.4.54170/W32 for ARM              29/Nov/2013  10:51:19 #
# Copyright 2007-2012 IAR Systems AB.                                         #
#                                                                             #
#    Output file  =  D:\Ganglu\Documents\GitHub\K60F120M\ffs\examples\mfs_nan #
#                    dflash\iar\mfs_nandflash_K60F120M\K60F120M\Int Flash     #
#                    Debug\Exe\K60F120M.out                                   #
#    Map file     =  D:\Ganglu\Documents\GitHub\K60F120M\ffs\examples\mfs_nan #
#                    dflash\iar\mfs_nandflash_K60F120M\K60F120M\Int Flash     #
#                    Debug\List\K60F120M.map                                  #
#    Command line =  "D:\Ganglu\Documents\GitHub\K60F120M\ffs\examples\mfs_na #
#                    ndflash\iar\mfs_nandflash_K60F120M\K60F120M\Int Flash    #
#                    Debug\Obj\demo.o" D:\Ganglu\Documents\GitHub\K60F120M\li #
#                    b\K60F120M.iar\debug\bsp\bsp.a                           #
#                    D:\Ganglu\Documents\GitHub\K60F120M\lib\K60F120M.iar\deb #
#                    ug\ffs\ffs.a D:\Ganglu\Documents\GitHub\K60F120M\lib\K60 #
#                    F120M.iar\debug\mfs\mfs.a D:\Ganglu\Documents\GitHub\K60 #
#                    F120M\lib\K60F120M.iar\debug\psp\psp.a                   #
#                    D:\Ganglu\Documents\GitHub\K60F120M\lib\K60F120M.iar\deb #
#                    ug\shell\shell.a --redirect _Printf=_PrintfFull          #
#                    --redirect _Scanf=_ScanfFull -o                          #
#                    "D:\Ganglu\Documents\GitHub\K60F120M\ffs\examples\mfs_na #
#                    ndflash\iar\mfs_nandflash_K60F120M\K60F120M\Int Flash    #
#                    Debug\Exe\K60F120M.out" --map                            #
#                    "D:\Ganglu\Documents\GitHub\K60F120M\ffs\examples\mfs_na #
#                    ndflash\iar\mfs_nandflash_K60F120M\K60F120M\Int Flash    #
#                    Debug\List\K60F120M.map" --config                        #
#                    D:\Ganglu\Documents\GitHub\K60F120M\ffs\examples\mfs_nan #
#                    dflash\iar\mfs_nandflash_K60F120M/../../../../../lib/K60 #
#                    F120M.iar/debug/bsp/intflash.icf --redirect              #
#                    __iar_dlmalloc=malloc --redirect __iar_dlcalloc=calloc   #
#                    --redirect __iar_dlfree=free --semihosting --entry       #
#                    __iar_program_start --vfe                                #
#                                                                             #
#                                                                             #
###############################################################################

*******************************************************************************
*** RUNTIME MODEL ATTRIBUTES
***

CppFlavor                   = *
__CPP_Exceptions            = Used
__CPP_Language              = C++
__SystemLibrary             = DLib
__dlib_iterator_debugging   = 0
__dlib_jmp_buf_num_elements = 16


*******************************************************************************
*** PLACEMENT SUMMARY
***

"A1":  place at 0x00000000 { ro section .intvec, block CFMPROTROM };
"P1":  place in [from 0x00000000 to 0x0007ffff] {
          first block TEXTSECTION, ro, last block FLASHX_POOL };
"P2":  place in [from 0x1fff0000 to 0x2000fff0] {
          block USER_MEMORY, last block KERNEL_DATA };

  Section                 Kind        Address     Size  Object
  -------                 ----        -------     ----  ------
"A1":                                            0x414
  .intvec                 const    0x00000000    0x400  vectors.o [3]
  CFMPROTROM                       0x00000400     0x14  <Block>
    .cfmconfig            const    0x00000400     0x10  vectors.o [3]
    .cfmconfig            const    0x00000410      0x0  vectors.o [3]
    CFMPROTROM            const    0x00000410      0x4  <Block tail>
                                 - 0x00000414    0x414

"P1":                                          0x2abe4
  TEXTSECTION                      0x00000420  0x24cf2  <Block>
    .text                 ro code  0x00000420     0x28  support.o [9]
    .text                 ro code  0x00000450     0x64  boot.o [9]
    .text                 ro code  0x000004b4      0xc  cstartup_M.o [10]
    .text                 ro code  0x000004c0     0x1a  fpinit_M.o [7]
    .text                 ro code  0x000004da      0x6  ddi_nand_media_init.o [6]
    .text                 ro code  0x000004e0     0x16  cmain.o [10]
    .text                 ro code  0x000004f6     0x22  comp.o [9]
    .text                 ro code  0x00000518     0x28  data_init3.o [10]
    .text                 ro code  0x00000540     0x10  mqx_main.o [3]
    .text                 ro code  0x00000550      0x4  exit.o [4]
    .text                 ro code  0x00000554    0x164  init_hw.o [3]
    .text                 ro code  0x000006b8    0x684  lwmem.o [9]
    .text                 ro code  0x00000d3c    0x310  mqx.o [9]
    .text                 ro code  0x0000104c      0xa  cexit.o [10]
    .text                 ro code  0x00001056      0x6  ddi_nand_media_discover.o [6]
    .text                 ro code  0x0000105c    0xa0c  bsp_cm.o [3]
    .text                 ro code  0x00001a68    0x678  init_gpio.o [3]
    .text                 ro code  0x000020e0    0x862  task.o [9]
    .text                 ro code  0x00002942      0x2  ddi_nand_media_discover.o [6]
    .text                 ro code  0x00002944    0x240  int.o [9]
    .text                 ro code  0x00002b84     0x16  ddi_nand_data_drive_read_sector.o [6]
    .text                 ro code  0x00002b9a    0x1aa  queue.o [9]
    .text                 ro code  0x00002d44     0x76  ABImemcpy.o [10]
    .text                 ro code  0x00002dba      0x6  ddi_nand_media_discover.o [6]
    .text                 ro code  0x00002dc0     0xd8  sc_irdyq.o [9]
    .text                 ro code  0x00002e98    0x2f4  lwsem.o [9]
    .text                 ro code  0x0000318c    0x208  init_bsp.o [3]
    .text                 ro code  0x00003394     0x14  exit.o [11]
    .text                 ro code  0x000033a8    0x19a  hwtimer.o [3]
    .text                 ro code  0x00003542      0x2  stack_de.o [9]
    .text                 ro code  0x00003544     0xc6  stack_bu.o [9]
    .text                 ro code  0x0000360a      0x6  ddi_nand_media_discover.o [6]
    .text                 ro code  0x00003610     0x66  ABImemset.o [10]
    .text                 ro code  0x00003676      0xa  red_black_tree.o [6]
    .text                 ro code  0x00003680    0x6a4  time.o [9]
    .text                 ro code  0x00003d24     0x1c  psp_iinit.o [9]
    .text                 ro code  0x00003d40     0x14  int_vtab.o [9]
    .text                 ro code  0x00003d54     0x14  kinetis_mpu.o [9]
    .text                 ro code  0x00003d68    0x208  edma.o [3]
    .text                 ro code  0x00003f70     0x24  io_init.o [9]
    .text                 ro code  0x00003f94    0x3a0  krtc.o [3]
    .text                 ro code  0x00004334     0x2c  cache.o [9]
    .text                 ro code  0x00004360    0x248  serl_int_kuart.o [3]
    .text                 ro code  0x000045a8    0x958  i2c_pol_ki2c.o [3]
    .text                 ro code  0x00004f00    0x714  i2c_int_ki2c.o [3]
    .text                 ro code  0x00005614    0x604  adc.o [3]
    .text                 ro code  0x00005c18    0xd90  esdhc.o [3]
    .text                 ro code  0x000069a8    0x27a  sai_int.o [3]
    .text                 ro code  0x00006c22      0x6  ddi_nand_hal_nfcphymedia.o [6]
    .text                 ro code  0x00006c28     0x38  io_sinit.o [3]
    .text                 ro code  0x00006c60     0x84  psp_msti.o [9]
    .text                 ro code  0x00006ce4     0x54  psp_tiad.o [9]
    .text                 ro code  0x00006d38    0x174  sched.o [9]
    .text                 ro code  0x00006eac     0x88  psp_mstiq.o [9]
    .text                 ro code  0x00006f34     0x48  psp_tisu.o [9]
    .text                 ro code  0x00006f7c     0x5c  psp_tise.o [9]
    .text                 ro code  0x00006fd8     0x38  psp_tinm.o [9]
    .text                 ro code  0x00007010     0xa4  psp_tkti.o [9]
    .text                 ro code  0x000070b4     0x26  psp_tiol.o [9]
    .text                 ro code  0x000070da     0x22  zero_init3.o [10]
    .text                 ro code  0x000070fc     0x14  int_inst.o [9]
    .text                 ro code  0x00007110     0x68  edma_kinetisf.o [3]
    .text                 ro code  0x00007178     0xc4  nvic.o [9]
    .text                 ro code  0x0000723c    0x7be  serl_int.o [3]
    .text                 ro code  0x000079fc    0x540  serl_pol_kuart.o [3]
    .text                 ro code  0x00007f3c    0x1da  i2c_pol.o [3]
    .text                 ro code  0x00008118     0x48  i2c_mk60.o [3]
    .text                 ro code  0x00008160    0x1e2  i2c_int.o [3]
    .text                 ro code  0x00008344    0xb94  adc_kadc.o [3]
    .text                 ro code  0x00008ed8    0xbb4  adt_kpdb.o [3]
    .text                 ro code  0x00009a8c     0x3a  io_inst.o [9]
    .text                 ro code  0x00009ac8     0x42  strcmp.o [10]
    .text                 ro code  0x00009b0c     0x36  strlen.o [10]
    .text                 ro code  0x00009b44    0x100  io_instx.o [9]
    .text                 ro code  0x00009c44     0x18  esdhc_mk60.o [3]
    .text                 ro code  0x00009c5c     0xc8  io_fopen.o [9]
    .text                 ro code  0x00009d24    0x132  I64DivMod.o [10]
    .text                 ro code  0x00009e58     0x20  psp_seti.o [9]
    .text                 ro code  0x00009e78    0x20c  taskq.o [9]
    .text                 ro code  0x0000a084     0x5c  serl_mk60.o [3]
    .text                 ro code  0x0000a0e0     0x18  adc_mk60.o [3]
    .text                 ro code  0x0000a0f8    0x104  lwevent.o [9]
    .text                 ro code  0x0000a1fc     0x2a  strncmp.o [4]
    .text                 ro code  0x0000a228      0x2  I64DivZer.o [10]
    .text                 ro code  0x0000a22c    0x56c  demo.o [1]
    .text                 ro code  0x0000a798     0x2c  io_pntf.o [9]
    .text                 ro code  0x0000a7c4     0x5a  io_ioctl.o [9]
    .text                 ro code  0x0000a81e     0x36  io_fclos.o [9]
    .text                 ro code  0x0000a854   0x1350  mfs_init.o [8]
    .text                 ro code  0x0000bba4    0x468  mfs_misc.o [8]
    .text                 ro code  0x0000c00c     0x10  io_ferr.o [9]
    .text                 ro code  0x0000c01c     0x8c  io_uinst.o [9]
    .text                 ro code  0x0000c0a8    0xad0  nandflash_wl.o [6]
    .text                 ro code  0x0000cb78    0x23c  shell.o [12]
    .text                 ro code  0x0000cdb4    0x26e  sh_util.o [12]
    .text                 ro code  0x0000d024     0x50  io_ghand.o [9]
    .text                 ro code  0x0000d074    0xf60  io_dopr.o [9]
    .text                 ro code  0x0000dfd4    0x510  partition.o [9]
    .text                 ro code  0x0000e4e4    0x3c8  io_util.o [9]
    .text                 ro code  0x0000e8ac    0x3e0  mfs_open.o [8]
    .text                 ro code  0x0000ec8c    0x4e4  mfs_create.o [8]
    .text                 ro code  0x0000f170     0xc0  io_fseek.o [9]
    .text                 ro code  0x0000f230    0x350  mfs_read.o [8]
    .text                 ro code  0x0000f580    0x588  mfs_write.o [8]
    .text                 ro code  0x0000fb08    0x448  mfs_cluster.o [8]
    .text                 ro code  0x0000ff50    0x8a6  mfs_directory.o [8]
    .text                 ro code  0x000107f6    0x110  mfs_attribute.o [8]
    .text                 ro code  0x00010906     0xf2  mfs_time.o [8]
    .text                 ro code  0x000109f8    0x8c2  mfs_lfn.o [8]
    .text                 ro code  0x000112ba    0x102  mfs_delete.o [8]
    .text                 ro code  0x000113bc    0x2c4  mfs_rename.o [8]
    .text                 ro code  0x00011680    0x812  mfs_dir_entry.o [8]
    .text                 ro code  0x00011e92    0x414  mfs_rw.o [8]
    .text                 ro code  0x000122a8    0x412  mfs_fat.o [8]
    .text                 ro code  0x000126bc    0x7e6  mfs_format.o [8]
    .text                 ro code  0x00012ea2     0xae  mfs_data_sector.o [8]
    .text                 ro code  0x00012f50     0xac  mfs_valdev.o [8]
    .text                 ro code  0x00012ffc    0x262  ddi_ldl_init.o [6]
    .text                 ro code  0x00013260    0x134  media_buffer_manager_init.o [6]
    .text                 ro code  0x00013394    0x272  ddi_ldl_write.o [6]
    .text                 ro code  0x00013606     0x3a  ddi_ldl_read.o [6]
    .text                 ro code  0x00013640    0x1f4  ddi_ldl_util.o [6]
    .text                 ro code  0x00013834    0x104  ddi_ldl_drive_get_info.o [6]
    .text                 ro code  0x00013938     0x6c  strncpy.o [10]
    .text                 ro code  0x000139a4     0x3a  io_fflsh.o [9]
    .text                 ro code  0x000139de     0x34  io_fgets.o [9]
    .text                 ro code  0x00013a12     0x1c  io_util.o [9]
    .text                 ro code  0x00013a2e     0x12  sh_util.o [12]
    .text                 ro code  0x00013a40     0x44  strcpy.o [10]
    .text                 ro code  0x00013a84    0x94a  io_fp.o [9]
    .text                 ro code  0x000143ce      0xc  io_util.o [9]
    .text                 ro code  0x000143da      0xc  io_util.o [9]
    .text                 ro code  0x000143e6    0x7f2  mfs_search.o [8]
    .text                 ro code  0x00014bd8     0x92  mfs_handle.o [8]
    .text                 ro code  0x00014c6c     0x66  io_spr.o [9]
    .text                 ro code  0x00014cd2     0x16  zone_map_section_page.o [6]
    .text                 ro code  0x00014ce8     0x22  I64Shl.o [10]
    .text                 ro code  0x00014d0c    0x576  mfs_parse.o [8]
    .text                 ro code  0x00015282     0x1c  strnlen.o [9]
    .text                 ro code  0x0001529e     0x32  io_write.o [9]
    .text                 ro code  0x000152d0     0x86  io_read.o [9]
    .text                 ro code  0x00015358     0x62  memcmp.o [10]
    .text                 ro code  0x000153bc     0x24  newop_0.o [5]
    .text                 ro code  0x000153e0    0x260  ddi_nand_media_init.o [6]
    .text                 ro code  0x00015640      0x4  ddi_ldl_util.o [6]
    .text                 ro code  0x00015644      0x4  ddi_ldl_init.o [6]
    .text                 ro code  0x00015648      0x4  ddi_ldl_init.o [6]
    .text                 ro code  0x0001564c      0x4  ddi_ldl_init.o [6]
    .text                 ro code  0x00015650      0x4  ddi_ldl_init.o [6]
    .text                 ro code  0x00015654      0x4  ddi_ldl_iterator.o [6]
    .text                 ro code  0x00015658    0x468  mutex.o [9]
    .text                 ro code  0x00015ac0     0x6c  errcode.o [6]
    .text                 ro code  0x00015b2c    0x834  timer.o [9]
    .text                 ro code  0x00016360    0x9d4  media_buffer_manager.o [6]
    .text                 ro code  0x00016d34     0x88  ddi_ldl_iterator.o [6]
    .text                 ro code  0x00016dbc      0x4  ddi_ldl_util.o [6]
    .text                 ro code  0x00016dc0      0x4  ddi_ldl_util.o [6]
    .text                 ro code  0x00016dc4     0xa2  io_fgetl.o [9]
    .text                 ro code  0x00016e66     0x2a  io_util.o [9]
    .text                 ro code  0x00016e90     0xc0  modf.o [7]
    .text                 ro code  0x00016f50     0x20  DblCmpEq.o [7]
    .text                 ro code  0x00016f70    0x246  DblDiv.o [7]
    .text                 ro code  0x000171b8     0xe8  DblAdd.o [7]
    .text                 ro code  0x000172a0    0x1a2  DblMul.o [7]
    .text                 ro code  0x00017444     0x4c  DblToI32.o [7]
    .text                 ro code  0x00017490     0x2e  DblCmpGe.o [7]
    .text                 ro code  0x000174c0     0x2e  DblCmpLe.o [7]
    .text                 ro code  0x000174ee     0x12  io_util.o [9]
    .text                 ro code  0x00017500     0x16  io_util.o [9]
    .text                 ro code  0x00017516     0x1c  strcat.o [4]
    .text                 ro code  0x00017532      0x4  nomemory.o [5]
    .text                 ro code  0x00017536      0xa  delop_0.o [5]
    .text                 ro code  0x00017540     0xe6  simple_mutex.o [6]
    .text                 ro code  0x00017628     0xa4  ddi_nand_hal_init.o [6]
    .text                 ro code  0x000176cc      0xa  ddi_nand_data_drive_read_sector.o [6]
    .text                 ro code  0x000176d6      0x8  newaop_0.o [5]
    .text                 ro code  0x000176e0     0xfc  ddi_nand_hal_common.o [6]
    .text                 ro code  0x000177dc    0x274  deferred_task_queue.o [6]
    .text                 ro code  0x00017a50    0xff4  mapper.o [6]
    .text                 ro code  0x00018a44   0x1604  nonsequential_sectors_map.o [6]
    .text                 ro code  0x0001a048     0xf4  bad_block_table.o [6]
    .text                 ro code  0x0001a13c      0x4  ddi_nand_media_init.o [6]
    .text                 ro code  0x0001a140      0x4  ddi_nand_media_init.o [6]
    .text                 ro code  0x0001a144      0x4  ddi_nand_data_drive_erase.o [6]
    .text                 ro code  0x0001a148     0x50  io_fgetc.o [9]
    .text                 ro code  0x0001a198     0x30  io_fung.o [9]
    .text                 ro code  0x0001a1c8      0xc  io_util.o [9]
    .text                 ro code  0x0001a1d4      0xc  io_util.o [9]
    .text                 ro code  0x0001a1e0    0x16c  DblSub.o [7]
    .text                 ro code  0x0001a34c      0x6  abort.o [4]
    .text                 ro code  0x0001a354    0x33c  ddi_nand_hal_nfcphymedia.o [6]
    .text                 ro code  0x0001a690      0xa  ddi_nand_hal_common.o [6]
    .text                 ro code  0x0001a69a      0xe  deferred_task_queue.o [6]
    .text                 ro code  0x0001a6a8      0xe  deferred_task_queue.o [6]
    .text                 ro code  0x0001a6b6     0x10  deferred_task_queue.o [6]
    .text                 ro code  0x0001a6c8    0x10e  double_list.o [6]
    .text                 ro code  0x0001a7d6      0x4  deferred_task_queue.o [6]
    .text                 ro code  0x0001a7da      0xe  deferred_task.o [6]
    .text                 ro code  0x0001a7e8      0xe  deferred_task.o [6]
    .text                 ro code  0x0001a7f6     0x1a  deferred_task.o [6]
    .text                 ro code  0x0001a810     0x10  deferred_task_queue.o [6]
    .text                 ro code  0x0001a820     0x14  deferred_task.o [6]
    .text                 ro code  0x0001a834      0x4  deferred_task_queue.o [6]
    .text                 ro code  0x0001a838      0x4  persistent_phy_map.o [6]
    .text                 ro code  0x0001a83c    0x232  phy_map.o [6]
    .text                 ro code  0x0001aa6e      0x6  mapper.o [6]
    .text                 ro code  0x0001aa74    0x684  zone_map_cache.o [6]
    .text                 ro code  0x0001b0f8    0x2bc  persistent_phy_map.o [6]
    .text                 ro code  0x0001b3b4    0x580  ddi_nand_mapper_utilities.o [6]
    .text                 ro code  0x0001b934      0x4  mapper.o [6]
    .text                 ro code  0x0001b938      0x4  mapper.o [6]
    .text                 ro code  0x0001b93c      0x4  ddi_nand_data_drive_set_info.o [6]
    .text                 ro code  0x0001b940      0x4  mapper.o [6]
    .text                 ro code  0x0001b944     0x1a  ddi_nand_data_drive_erase.o [6]
    .text                 ro code  0x0001b95e     0x20  ddi_nand_data_drive_erase.o [6]
    .text                 ro code  0x0001b97e      0x4  ddi_nand_data_drive_read_sector.o [6]
    .text                 ro code  0x0001b982      0xe  ddi_nand_data_drive_erase.o [6]
    .text                 ro code  0x0001b990     0x10  ddi_nand_data_drive_erase.o [6]
    .text                 ro code  0x0001b9a0      0xe  ddi_nand_data_drive_erase.o [6]
    .text                 ro code  0x0001b9b0    0x1fe  ddi_block.o [6]
    .text                 ro code  0x0001bbae      0x4  ddi_nand_data_drive_erase.o [6]
    .text                 ro code  0x0001bbb2      0x6  persistent_phy_map.o [6]
    .text                 ro code  0x0001bbb8     0x24  mapper.o [6]
    .text                 ro code  0x0001bbdc     0x14  persistent_map.o [6]
    .text                 ro code  0x0001bbf0     0x1e  persistent_map.o [6]
    .text                 ro code  0x0001bc0e      0x4  mapper.o [6]
    .text                 ro code  0x0001bc14    0x2cc  ddi_metadata.o [6]
    .text                 ro code  0x0001bee0     0xec  ddi_nand_nssm_get_entry.o [6]
    .text                 ro code  0x0001bfcc     0x10  ddi_nand_data_drive_erase.o [6]
    .text                 ro code  0x0001bfdc     0x14  mapper.o [6]
    .text                 ro code  0x0001bff0    0x176  ddi_nand_mapper_get_info.o [6]
    .text                 ro code  0x0001c166      0x4  mapper.o [6]
    .text                 ro code  0x0001c16a      0x4  mapper.o [6]
    .text                 ro code  0x0001c16e      0x4  mapper.o [6]
    .text                 ro code  0x0001c172      0x4  mapper.o [6]
    .text                 ro code  0x0001c176      0x4  ddi_nand_mapper_utilities.o [6]
    .text                 ro code  0x0001c17a      0x4  ddi_nand_mapper_utilities.o [6]
    .text                 ro code  0x0001c17e      0x4  ddi_nand_data_drive_erase.o [6]
    .text                 ro code  0x0001c182      0x4  persistent_phy_map.o [6]
    .text                 ro code  0x0001c186      0x8  persistent_phy_map.o [6]
    .text                 ro code  0x0001c18e      0x2  ddi_nand_ndd_write_sector.o [6]
    .text                 ro code  0x0001c190      0x4  ddi_nand_mapper_utilities.o [6]
    .text                 ro code  0x0001c194      0x2  ddi_nand_ndd_write_sector.o [6]
    .text                 ro code  0x0001c196     0x10  mapper.o [6]
    .text                 ro code  0x0001c1a6     0x14  mapper.o [6]
    .text                 ro code  0x0001c1ba     0x16  mapper.o [6]
    .text                 ro code  0x0001c1d0      0x6  mapper.o [6]
    .text                 ro code  0x0001c1d8    0x53c  red_black_tree.o [6]
    .text                 ro code  0x0001c714    0x114  wlru.o [6]
    .text                 ro code  0x0001c828      0x4  nonsequential_sectors_map.o [6]
    .text                 ro code  0x0001c82c      0x4  ddi_nand_ndd_flush.o [6]
    .text                 ro code  0x0001c830     0xb8  cxxabi.o [5]
    .text                 ro code  0x0001c8e8      0xa  nonsequential_sectors_map.o [6]
    .text                 ro code  0x0001c8f2      0xc  red_black_tree.o [6]
    .text                 ro code  0x0001c8fe      0xe  persistent_map.o [6]
    .text                 ro code  0x0001c90c      0xe  persistent_map.o [6]
    .text                 ro code  0x0001c91a      0xc  red_black_tree.o [6]
    .text                 ro code  0x0001c928    0x24c  page_order_map.o [6]
    .text                 ro code  0x0001cb74     0x10  nonsequential_sectors_map.o [6]
    .text                 ro code  0x0001cb84     0x12  persistent_map.o [6]
    .text                 ro code  0x0001cb96      0xc  nonsequential_sectors_map.o [6]
    .text                 ro code  0x0001cba2     0x88  ddi_nand_media_regions.o [6]
    .text                 ro code  0x0001cc2a      0xc  nonsequential_sectors_map.o [6]
    .text                 ro code  0x0001cc38    0x31c  ddi_page.o [6]
    .text                 ro code  0x0001cf54      0x4  ddi_nand_data_drive_erase.o [6]
    .text                 ro code  0x0001cf58     0x2a  ddi_nand_data_drive_erase.o [6]
    .text                 ro code  0x0001cf82      0x4  nonsequential_sectors_map.o [6]
    .text                 ro code  0x0001cf86      0x4  page_order_map.o [6]
    .text                 ro code  0x0001cf8a      0x8  ddi_nand_ndd_write_sector.o [6]
    .text                 ro code  0x0001cf92      0x4  persistent_map.o [6]
    .text                 ro code  0x0001cf96     0x1a  ddi_nand_data_drive_erase.o [6]
    .text                 ro code  0x0001cfb0      0xe  ddi_nand_data_drive_erase.o [6]
    .text                 ro code  0x0001cfbe     0x10  ddi_nand_data_drive_erase.o [6]
    .text                 ro code  0x0001cfce      0xe  ddi_nand_data_drive_erase.o [6]
    .text                 ro code  0x0001cfdc     0x1a  ddi_nand_ndd_write_sector.o [6]
    .text                 ro code  0x0001cff8     0x18  nonsequential_sectors_map.o [6]
    .text                 ro code  0x0001d010     0xd6  deferred_task.o [6]
    .text                 ro code  0x0001d0e6      0x4  nonsequential_sectors_map.o [6]
    .text                 ro code  0x0001d0ea     0x22  io_util.o [9]
    .text                 ro code  0x0001d10c     0x2a  io_util.o [9]
    .text                 ro code  0x0001d136      0xc  ddi_nand_hal_nfcphymedia.o [6]
    .text                 ro code  0x0001d142     0x22  wl_common.o [6]
    .text                 ro code  0x0001d164      0xc  ddi_nand_data_drive_erase.o [6]
    .text                 ro code  0x0001d170      0x6  ddi_nand_hal_nfcphymedia.o [6]
    .text                 ro code  0x0001d176     0x10  deferred_task_queue.o [6]
    .text                 ro code  0x0001d186      0x4  wlru.o [6]
    .text                 ro code  0x0001d18a     0x18  double_list.o [6]
    .text                 ro code  0x0001d1a2     0x18  deferred_task.o [6]
    .text                 ro code  0x0001d1ba     0x18  deferred_task.o [6]
    .text                 ro code  0x0001d1d2     0x12  deferred_task.o [6]
    .text                 ro code  0x0001d1e4      0x4  deferred_task.o [6]
    .text                 ro code  0x0001d1e8      0x4  delaop_0.o [5]
    .text                 ro code  0x0001d1ec    0x9ac  persistent_map.o [6]
    .text                 ro code  0x0001db98      0xe  ddi_nand_data_drive_erase.o [6]
    .text                 ro code  0x0001dba8    0x22c  zone_map_section_page.o [6]
    .text                 ro code  0x0001ddd4      0x4  persistent_map.o [6]
    .text                 ro code  0x0001ddd8      0x4  persistent_map.o [6]
    .text                 ro code  0x0001dddc      0x4  persistent_map.o [6]
    .text                 ro code  0x0001dde0      0xe  zone_map_section_page.o [6]
    .text                 ro code  0x0001ddee      0x4  persistent_map.o [6]
    .text                 ro code  0x0001ddf2      0x4  zone_map_section_page.o [6]
    .text                 ro code  0x0001ddf6     0x18  simple_timer.o [6]
    .text                 ro code  0x0001de10    0x19a  ddi_nand_mapper_zone_map_cache_lookup.o [6]
    .text                 ro code  0x0001dfaa      0xe  persistent_map.o [6]
    .text                 ro code  0x0001dfb8      0x4  ddi_nand_mapper_utilities.o [6]
    .text                 ro code  0x0001dfbc      0x8  ddi_nand_mapper_utilities.o [6]
    .text                 ro code  0x0001dfc4      0x4  ddi_nand_mapper_utilities.o [6]
    .text                 ro code  0x0001dfc8      0xe  ddi_nand_mapper_utilities.o [6]
    .text                 ro code  0x0001dfd6     0x1c  ddi_nand_data_drive_erase.o [6]
    .text                 ro code  0x0001dff2      0xa  ddi_nand_data_drive_erase.o [6]
    .text                 ro code  0x0001dffc      0xc  ddi_nand_data_drive_erase.o [6]
    .text                 ro code  0x0001e008     0x1c  ddi_nand_data_drive_erase.o [6]
    .text                 ro code  0x0001e024      0xc  ddi_nand_data_drive_erase.o [6]
    .text                 ro code  0x0001e030      0xc  ddi_block.o [6]
    .text                 ro code  0x0001e03c     0x1c  persistent_map.o [6]
    .text                 ro code  0x0001e058      0x8  ddi_block.o [6]
    .text                 ro code  0x0001e060     0x12  ddi_block.o [6]
    .text                 ro code  0x0001e072     0x12  ddi_block.o [6]
    .text                 ro code  0x0001e084      0x6  ddi_nand_data_drive_erase.o [6]
    .text                 ro code  0x0001e08a      0xe  ddi_nand_data_drive_erase.o [6]
    .text                 ro code  0x0001e098     0x18  ddi_nand_data_drive_read_sector.o [6]
    .text                 ro code  0x0001e0b0     0x18  red_black_tree.o [6]
    .text                 ro code  0x0001e0c8     0x18  red_black_tree.o [6]
    .text                 ro code  0x0001e0e0      0xe  red_black_tree.o [6]
    .text                 ro code  0x0001e0ee      0xe  red_black_tree.o [6]
    .text                 ro code  0x0001e0fc      0x4  wlru.o [6]
    .text                 ro code  0x0001e100      0x4  wlru.o [6]
    .text                 ro code  0x0001e104     0x12  red_black_tree.o [6]
    .text                 ro code  0x0001e116      0x2  red_black_tree.o [6]
    .text                 ro code  0x0001e118      0x6  persistent_map.o [6]
    .text                 ro code  0x0001e11e      0x4  nonsequential_sectors_map.o [6]
    .text                 ro code  0x0001e122      0xc  ddi_page.o [6]
    .text                 ro code  0x0001e12e      0x6  ddi_nand_ndd_write_sector.o [6]
    .text                 ro code  0x0001e134      0xc  ddi_page.o [6]
    .text                 ro code  0x0001e140     0x1c  zone_map_section_page.o [6]
    .text                 ro code  0x0001e15c      0xc  ddi_page.o [6]
    .text                 ro code  0x0001e168     0x12  ddi_page.o [6]
    .text                 ro code  0x0001e17a      0x6  ddi_page.o [6]
    .text                 ro code  0x0001e180      0x8  ddi_page.o [6]
    .text                 ro code  0x0001e188      0x8  ddi_page.o [6]
    .text                 ro code  0x0001e190     0x12  ddi_page.o [6]
    .text                 ro code  0x0001e1a2     0x1a  ddi_nand_data_drive_erase.o [6]
    .text                 ro code  0x0001e1bc     0x10  ddi_nand_data_drive_erase.o [6]
    .text                 ro code  0x0001e1cc      0x4  ddi_nand_ndd_write_sector.o [6]
    .text                 ro code  0x0001e1d0      0x4  ddi_nand_data_drive_erase.o [6]
    .text                 ro code  0x0001e1d4      0xc  nonsequential_sectors_map.o [6]
    .text                 ro code  0x0001e1e0     0x10  deferred_task.o [6]
    .text                 ro code  0x0001e1f0     0x12  io_util.o [9]
    .text                 ro code  0x0001e202      0x2  ddi_nand_hal_nfcphymedia.o [6]
    .text                 ro code  0x0001e204     0x1a  deferred_task.o [6]
    .text                 ro code  0x0001e21e      0x6  persistent_map.o [6]
    .text                 ro code  0x0001e224     0x16  persistent_map.o [6]
    .text                 ro code  0x0001e23a      0x4  persistent_map.o [6]
    .text                 ro code  0x0001e23e      0x6  persistent_map.o [6]
    .text                 ro code  0x0001e244     0x14  zone_map_section_page.o [6]
    .text                 ro code  0x0001e258     0xb2  psp_tius.o [9]
    .text                 ro code  0x0001e30a     0x10  ddi_block.o [6]
    .text                 ro code  0x0001e31a      0x6  ddi_page.o [6]
    .text                 ro code  0x0001e320      0x6  ddi_page.o [6]
    .text                 ro code  0x0001e326      0xe  zone_map_section_page.o [6]
    .text                 ro code  0x0001e334     0x1e  ddi_page.o [6]
    .text                 ro code  0x0001e352      0x2  nonsequential_sectors_map.o [6]
    .text                 ro code  0x0001e354      0xc  deferred_task.o [6]
    .text                 ro code  0x0001e360     0x10  zone_map_section_page.o [6]
    .text                 ro code  0x0001e370     0xf2  psp_mat1.o [9]
    .text                 ro code  0x0001e462     0x4c  psp_mat3.o [9]
    .text                 ro code  0x0001e4ae     0xf4  psp_mat2.o [9]
    .text                 ro code  0x0001e5a2      0x4  deferred_task.o [6]
    .text                 ro code  0x0001e5a8    0x154  sh_cd.o [12]
    .text                 ro code  0x0001e6fc     0xa0  sh_cmdlist.o [12]
    .text                 ro code  0x0001e79c    0x210  sh_copy.o [12]
    .text                 ro code  0x0001e9ac     0x44  io_fputc.o [9]
    .text                 ro code  0x0001e9f0    0x124  sh_create.o [12]
    .text                 ro code  0x0001eb14    0x120  sh_del.o [12]
    .text                 ro code  0x0001ec34    0x4b8  sh_di.o [12]
    .text                 ro code  0x0001f0ec    0x164  sh_dir.o [12]
    .text                 ro code  0x0001f250    0x3f0  dir_read.o [8]
    .text                 ro code  0x0001f640    0x1d0  sh_disect.o [12]
    .text                 ro code  0x0001f810     0x68  sh_exit.o [12]
    .text                 ro code  0x0001f878    0x190  sh_format.o [12]
    .text                 ro code  0x0001fa08    0x118  sh_help.o [12]
    .text                 ro code  0x0001fb20    0x10c  sh_mkdir.o [12]
    .text                 ro code  0x0001fc2c     0x9c  sh_pwd.o [12]
    .text                 ro code  0x0001fcc8    0x248  sh_read.o [12]
    .text                 ro code  0x0001ff10    0x190  sh_rename.o [12]
    .text                 ro code  0x000200a0    0x12c  sh_rmdir.o [12]
    .text                 ro code  0x000201cc     0xe4  sh_sh.o [12]
    .text                 ro code  0x000202b0    0x138  sh_type.o [12]
    .text                 ro code  0x000203e8    0x2d8  sh_write.o [12]
    .text                 ro code  0x000206c0    0xbc8  nfc_wl.o [6]
    .text                 ro code  0x00021288     0x10  nfc_k60f120m.o [3]
    .text                 ro code  0x00021298    0xaba  nfc.o [3]
    .text                 ro code  0x00021d54     0x4c  idletask.o [9]
    .text                 ro code  0x00021da0    0x158  hwtimer_systick.o [3]
    .text                 ro code  0x00021ef8      0x4  hwtimer_kinetis.o [3]
    .text                 ro code  0x00021efc    0x144  ddi_nand_media_shutdown.o [6]
    .text                 ro code  0x00022040      0x4  ddi_nand_data_drive_erase.o [6]
    .text                 ro code  0x00022044     0xfc  ddi_nand_media_get_info.o [6]
    .text                 ro code  0x00022140      0x4  ddi_nand_media_get_info.o [6]
    .text                 ro code  0x00022144      0x4  ddi_nand_media_get_info.o [6]
    .text                 ro code  0x00022148      0xe  ddi_nand_media_get_info.o [6]
    .text                 ro code  0x00022156     0x18  ddi_nand_media_get_info.o [6]
    .text                 ro code  0x0002216e      0x6  ddi_nand_media_get_info.o [6]
    .text                 ro code  0x00022174     0xc8  ddi_nand_media_allocate.o [6]
    .text                 ro code  0x0002223c     0x14  ddi_nand_data_drive_set_info.o [6]
    .text                 ro code  0x00022250    0x1b0  ddi_nand_media_discover.o [6]
    .text                 ro code  0x00022400      0xe  ddi_nand_data_drive_set_info.o [6]
    .text                 ro code  0x00022410     0x18  ddi_nand_media_discover.o [6]
    .text                 ro code  0x00022428    0x24c  ddi_nand_data_drive_init.o [6]
    .text                 ro code  0x00022674      0x4  ddi_nand_data_drive_init.o [6]
    .text                 ro code  0x00022678   0x1af8  sai_int_ksai.o [3]
    .text                 ro code  0x00024170     0x68  sai_mk60.o [3]
    .text                 ro code  0x000241d8    0x350  ddi_nand_data_drive_read_sector.o [6]
    .text                 ro code  0x00024528     0x26  ddi_nand_data_drive_read_sector.o [6]
    .text                 ro code  0x0002454e      0x4  ddi_nand_data_drive_read_sector.o [6]
    .text                 ro code  0x00024554    0x2f8  ddi_nand_ndd_write_sector.o [6]
    .text                 ro code  0x0002484c      0x4  ddi_nand_ndd_write_sector.o [6]
    .text                 ro code  0x00024850    0x5f8  ddi_nand_data_drive_erase.o [6]
    .text                 ro code  0x00024e48     0x84  ddi_nand_data_drive_get_info.o [6]
    .text                 ro code  0x00024ecc     0x16  ddi_nand_media_init.o [6]
    .text                 ro code  0x00024ee2      0xe  ddi_nand_media_discover.o [6]
    .text                 ro code  0x00024ef0      0xc  ddi_nand_media_discover.o [6]
    .text                 ro code  0x00024efc      0x2  ddi_nand_media_discover.o [6]
    .text                 ro code  0x00024efe     0x12  nonsequential_sectors_map.o [6]
    .text                 ro code  0x00024f10      0xc  nonsequential_sectors_map.o [6]
    .text                 ro code  0x00024f1c      0x6  nonsequential_sectors_map.o [6]
    .text                 ro code  0x00024f22      0xe  nonsequential_sectors_map.o [6]
    .text                 ro code  0x00024f30      0x6  nonsequential_sectors_map.o [6]
    .text                 ro code  0x00024f36      0x6  nonsequential_sectors_map.o [6]
    .text                 ro code  0x00024f3c     0x16  nonsequential_sectors_map.o [6]
    .text                 ro code  0x00024f52     0x1c  ddi_nand_media_discover.o [6]
    .text                 ro code  0x00024f6e      0xe  ddi_nand_media_discover.o [6]
    .text                 ro code  0x00024f7c      0xc  ddi_nand_media_discover.o [6]
    .text                 ro code  0x00024f88      0xe  ddi_nand_media_discover.o [6]
    .text                 ro code  0x00024f96      0x4  ddi_nand_media_discover.o [6]
    .text                 ro code  0x00024f9a     0x16  ddi_nand_media_discover.o [6]
    .text                 ro code  0x00024fb0     0x16  ddi_nand_media_discover.o [6]
    .text                 ro code  0x00024fc6      0xc  red_black_tree.o [6]
    .text                 ro code  0x00024fd2      0x2  ddi_nand_hal_nfcphymedia.o [6]
    .text                 ro code  0x00024fd4      0xc  ddi_nand_hal_nfcphymedia.o [6]
    .text                 ro code  0x00024fe0      0xe  ddi_nand_hal_nfcphymedia.o [6]
    .text                 ro code  0x00024fee     0x16  ddi_nand_hal_nfcphymedia.o [6]
    .text                 ro code  0x00025004     0x64  ddi_nand_ndd_flush.o [6]
    .text                 ro code  0x00025068      0x4  xpurevirtual.o [4]
    .text                 ro code  0x0002506c     0xa6  packbits_init3.o [10]
  KERNEL                  ro code  0x00025120    0x2c0  dispatch.o [9]
  .rodata                 const    0x000253e0      0x8  ddi_nand_media_get_info.o [6]
  .iar.init_table         const    0x000253e8     0x48  - Linker created -
  .rodata                 const    0x00025430      0x8  demo.o [1]
  .rodata                 const    0x00025438      0x4  demo.o [1]
  .rodata                 const    0x0002543c      0x8  demo.o [1]
  .rodata                 const    0x00025444      0x8  demo.o [1]
  .rodata                 const    0x0002544c      0x4  demo.o [1]
  .rodata                 const    0x00025450      0x8  demo.o [1]
  .rodata                 const    0x00025458      0x4  demo.o [1]
  .rodata                 const    0x0002545c      0x4  demo.o [1]
  .rodata                 const    0x00025460      0x8  demo.o [1]
  .rodata                 const    0x00025468      0x8  demo.o [1]
  .rodata                 const    0x00025470      0x8  demo.o [1]
  .rodata                 const    0x00025478      0x8  demo.o [1]
  .rodata                 const    0x00025480      0x4  demo.o [1]
  .rodata                 const    0x00025484      0x8  demo.o [1]
  .rodata                 const    0x0002548c      0x4  demo.o [1]
  .rodata                 const    0x00025490      0x8  demo.o [1]
  .rodata                 const    0x00025498      0x4  demo.o [1]
  .rodata                 const    0x0002549c      0x8  demo.o [1]
  .rodata                 const    0x000254a4      0x8  demo.o [1]
  .rodata                 const    0x000254ac      0x8  demo.o [1]
  .rodata                 const    0x000254b4      0x8  demo.o [1]
  .rodata                 const    0x000254bc      0xc  demo.o [1]
  .rodata                 const    0x000254c8      0xc  demo.o [1]
  .rodata                 const    0x000254d4     0x10  demo.o [1]
  .rodata                 const    0x000254e4     0x10  demo.o [1]
  .rodata                 const    0x000254f4     0x1c  demo.o [1]
  .rodata                 const    0x00025510     0x40  demo.o [1]
  .rodata                 const    0x00025550     0x40  demo.o [1]
  .rodata                 const    0x00025590     0x3c  demo.o [1]
  .rodata                 const    0x000255cc     0x1c  demo.o [1]
  .rodata                 const    0x000255e8     0x18  demo.o [1]
  .rodata                 const    0x00025600     0x3c  demo.o [1]
  .rodata                 const    0x0002563c     0x10  demo.o [1]
  .rodata                 const    0x0002564c     0x18  demo.o [1]
  .rodata                 const    0x00025664     0x14  demo.o [1]
  .rodata                 const    0x00025678     0x24  demo.o [1]
  .rodata                 const    0x0002569c     0x20  demo.o [1]
  .rodata                 const    0x000256bc     0x1c  demo.o [1]
  .rodata                 const    0x000256d8     0x20  demo.o [1]
  .rodata                 const    0x000256f8     0x30  demo.o [1]
  .rodata                 const    0x00025728     0x1c  demo.o [1]
  .rodata                 const    0x00025744     0x1c  demo.o [1]
  .rodata                 const    0x00025760     0x20  demo.o [1]
  .rodata                 const    0x00025780     0x1c  demo.o [1]
  .rodata                 const    0x0002579c     0x20  demo.o [1]
  .rodata                 const    0x000257bc     0x24  demo.o [1]
  .rodata                 const    0x000257e0     0x18  demo.o [1]
  .rodata                 const    0x000257f8     0x54  demo.o [1]
  .rodata                 const    0x0002584c     0x5c  demo.o [1]
  .rodata                 const    0x000258a8     0x14  demo.o [1]
  .rodata                 const    0x000258bc     0x20  demo.o [1]
  .rodata                 const    0x000258dc     0x28  demo.o [1]
  .rodata                 const    0x00025904      0x8  demo.o [1]
  .rodata                 const    0x0002590c      0xc  demo.o [1]
  .rodata                 const    0x00025918     0x20  demo.o [1]
  .rodata                 const    0x00025938     0x20  demo.o [1]
  .rodata                 const    0x00025958     0x20  demo.o [1]
  .rodata                 const    0x00025978     0x20  demo.o [1]
  .rodata                 const    0x00025998     0x24  demo.o [1]
  .rodata                 const    0x000259bc     0xc8  demo.o [1]
  .rodata                 const    0x00025a84     0x10  mfs_misc.o [8]
  .rodata                 const    0x00025a94     0x1c  mfs_misc.o [8]
  .rodata                 const    0x00025ab0     0x14  mfs_misc.o [8]
  .rodata                 const    0x00025ac4     0x14  mfs_misc.o [8]
  .rodata                 const    0x00025ad8     0x14  mfs_misc.o [8]
  .rodata                 const    0x00025aec     0x14  mfs_misc.o [8]
  .rodata                 const    0x00025b00     0x18  mfs_misc.o [8]
  .rodata                 const    0x00025b18     0x24  mfs_misc.o [8]
  .rodata                 const    0x00025b3c     0x24  mfs_misc.o [8]
  .rodata                 const    0x00025b60     0x1c  mfs_misc.o [8]
  .rodata                 const    0x00025b7c     0x14  mfs_misc.o [8]
  .rodata                 const    0x00025b90     0x28  mfs_misc.o [8]
  .rodata                 const    0x00025bb8     0x14  mfs_misc.o [8]
  .rodata                 const    0x00025bcc     0x18  mfs_misc.o [8]
  .rodata                 const    0x00025be4     0x10  mfs_misc.o [8]
  .rodata                 const    0x00025bf4     0x10  mfs_misc.o [8]
  .rodata                 const    0x00025c04     0x18  mfs_misc.o [8]
  .rodata                 const    0x00025c1c     0x10  mfs_misc.o [8]
  .rodata                 const    0x00025c2c     0x18  mfs_misc.o [8]
  .rodata                 const    0x00025c44     0x18  mfs_misc.o [8]
  .rodata                 const    0x00025c5c     0x10  mfs_misc.o [8]
  .rodata                 const    0x00025c6c     0x14  mfs_misc.o [8]
  .rodata                 const    0x00025c80      0x8  mfs_misc.o [8]
  .rodata                 const    0x00025c88     0x1c  mfs_misc.o [8]
  .rodata                 const    0x00025ca4     0x14  mfs_misc.o [8]
  .rodata                 const    0x00025cb8     0x1c  mfs_misc.o [8]
  .rodata                 const    0x00025cd4     0x1c  mfs_misc.o [8]
  .rodata                 const    0x00025cf0     0x18  mfs_misc.o [8]
  .rodata                 const    0x00025d08     0x20  mfs_misc.o [8]
  .rodata                 const    0x00025d28     0x10  mfs_misc.o [8]
  .rodata                 const    0x00025d38     0x14  mfs_misc.o [8]
  .rodata                 const    0x00025d4c     0x1c  mfs_misc.o [8]
  .rodata                 const    0x00025d68     0x1c  mfs_misc.o [8]
  .rodata                 const    0x00025d84     0x14  mfs_misc.o [8]
  .rodata                 const    0x00025d98     0x18  mfs_misc.o [8]
  .rodata                 const    0x00025db0     0x14  mfs_misc.o [8]
  .rodata                 const    0x00025dc4     0x1c  mfs_misc.o [8]
  .rodata                 const    0x00025de0     0x20  mfs_misc.o [8]
  .rodata                 const    0x00025e00     0x14  mfs_misc.o [8]
  .rodata                 const    0x00025e14     0x14  shell.o [12]
  .rodata                 const    0x00025e28      0xc  shell.o [12]
  .rodata                 const    0x00025e34     0x30  shell.o [12]
  .rodata                 const    0x00025e64      0xc  shell.o [12]
  .rodata                 const    0x00025e70      0x8  shell.o [12]
  .rodata                 const    0x00025e78     0x38  shell.o [12]
  .rodata                 const    0x00025eb0     0x14  shell.o [12]
  .rodata                 const    0x00025ec4     0x28  sh_cd.o [12]
  .rodata                 const    0x00025eec     0x2c  sh_cd.o [12]
  .rodata                 const    0x00025f18     0x1c  sh_cd.o [12]
  .rodata                 const    0x00025f34     0x20  sh_cd.o [12]
  .rodata                 const    0x00025f54     0x14  sh_cd.o [12]
  .rodata                 const    0x00025f68     0x18  sh_cd.o [12]
  .rodata                 const    0x00025f80     0x34  sh_cd.o [12]
  .rodata                 const    0x00025fb4      0x8  sh_util.o [12]
  .rodata                 const    0x00025fbc      0x8  sh_util.o [12]
  .rodata                 const    0x00025fc4      0x8  sh_cmdlist.o [12]
  .rodata                 const    0x00025fcc      0xc  sh_cmdlist.o [12]
  .rodata                 const    0x00025fd8     0x28  sh_copy.o [12]
  .rodata                 const    0x00026000     0x20  sh_copy.o [12]
  .rodata                 const    0x00026020     0x2c  sh_copy.o [12]
  .rodata                 const    0x0002604c     0x24  sh_copy.o [12]
  .rodata                 const    0x00026070     0x2c  sh_copy.o [12]
  .rodata                 const    0x0002609c     0x40  sh_copy.o [12]
  .rodata                 const    0x000260dc     0x18  sh_copy.o [12]
  .rodata                 const    0x000260f4     0x1c  sh_copy.o [12]
  .rodata                 const    0x00026110     0x24  sh_copy.o [12]
  .rodata                 const    0x00026134     0x20  sh_copy.o [12]
  .rodata                 const    0x00026154     0x28  sh_create.o [12]
  .rodata                 const    0x0002617c     0x20  sh_create.o [12]
  .rodata                 const    0x0002619c     0x2c  sh_create.o [12]
  .rodata                 const    0x000261c8     0x20  sh_create.o [12]
  .rodata                 const    0x000261e8     0x1c  sh_create.o [12]
  .rodata                 const    0x00026204     0x20  sh_create.o [12]
  .rodata                 const    0x00026224     0x28  sh_create.o [12]
  .rodata                 const    0x0002624c     0x20  sh_create.o [12]
  .rodata                 const    0x0002626c     0x28  sh_del.o [12]
  .rodata                 const    0x00026294     0x20  sh_del.o [12]
  .rodata                 const    0x000262b4     0x2c  sh_del.o [12]
  .rodata                 const    0x000262e0     0x18  sh_del.o [12]
  .rodata                 const    0x000262f8      0xc  sh_del.o [12]
  .rodata                 const    0x00026304     0x14  sh_del.o [12]
  .rodata                 const    0x00026318     0x24  sh_del.o [12]
  .rodata                 const    0x0002633c     0x18  sh_di.o [12]
  .rodata                 const    0x00026354     0x20  sh_di.o [12]
  .rodata                 const    0x00026374     0x1c  sh_di.o [12]
  .rodata                 const    0x00026390     0x20  sh_di.o [12]
  .rodata                 const    0x000263b0     0x1c  sh_di.o [12]
  .rodata                 const    0x000263cc     0x20  sh_di.o [12]
  .rodata                 const    0x000263ec     0x20  sh_di.o [12]
  .rodata                 const    0x0002640c     0x1c  sh_di.o [12]
  .rodata                 const    0x00026428     0x20  sh_di.o [12]
  .rodata                 const    0x00026448     0x20  sh_di.o [12]
  .rodata                 const    0x00026468     0x20  sh_di.o [12]
  .rodata                 const    0x00026488     0x28  sh_di.o [12]
  .rodata                 const    0x000264b0     0x28  sh_di.o [12]
  .rodata                 const    0x000264d8     0x28  sh_di.o [12]
  .rodata                 const    0x00026500     0x20  sh_di.o [12]
  .rodata                 const    0x00026520     0x20  sh_di.o [12]
  .rodata                 const    0x00026540     0x28  sh_di.o [12]
  .rodata                 const    0x00026568     0x20  sh_di.o [12]
  .rodata                 const    0x00026588     0x20  sh_di.o [12]
  .rodata                 const    0x000265a8     0x1c  sh_di.o [12]
  .rodata                 const    0x000265c4     0x1c  sh_di.o [12]
  .rodata                 const    0x000265e0     0x28  sh_di.o [12]
  .rodata                 const    0x00026608     0x18  sh_di.o [12]
  .rodata                 const    0x00026620     0x18  sh_di.o [12]
  .rodata                 const    0x00026638     0x20  sh_di.o [12]
  .rodata                 const    0x00026658     0x20  sh_di.o [12]
  .rodata                 const    0x00026678     0x20  sh_di.o [12]
  .rodata                 const    0x00026698     0x20  sh_di.o [12]
  .rodata                 const    0x000266b8     0x20  sh_di.o [12]
  .rodata                 const    0x000266d8     0x20  sh_di.o [12]
  .rodata                 const    0x000266f8     0x18  sh_di.o [12]
  .rodata                 const    0x00026710     0x2c  sh_di.o [12]
  .rodata                 const    0x0002673c     0x28  sh_di.o [12]
  .rodata                 const    0x00026764     0x24  sh_di.o [12]
  .rodata                 const    0x00026788     0x18  sh_di.o [12]
  .rodata                 const    0x000267a0     0x20  sh_di.o [12]
  .rodata                 const    0x000267c0     0x24  sh_di.o [12]
  .rodata                 const    0x000267e4     0x24  sh_di.o [12]
  .rodata                 const    0x00026808     0x28  sh_dir.o [12]
  .rodata                 const    0x00026830     0x20  sh_dir.o [12]
  .rodata                 const    0x00026850     0x14  sh_dir.o [12]
  .rodata                 const    0x00026864     0x24  sh_dir.o [12]
  .rodata                 const    0x00026888     0x24  sh_dir.o [12]
  .rodata                 const    0x000268ac     0x1c  sh_dir.o [12]
  .rodata                 const    0x000268c8     0x24  sh_dir.o [12]
  .rodata                 const    0x000268ec     0x24  sh_dir.o [12]
  .rodata                 const    0x00026910     0x30  sh_dir.o [12]
  .rodata                 const    0x00026940     0x28  sh_disect.o [12]
  .rodata                 const    0x00026968     0x18  sh_disect.o [12]
  .rodata                 const    0x00026980     0x20  sh_disect.o [12]
  .rodata                 const    0x000269a0     0x28  sh_disect.o [12]
  .rodata                 const    0x000269c8     0x24  sh_disect.o [12]
  .rodata                 const    0x000269ec     0x10  sh_disect.o [12]
  .rodata                 const    0x000269fc      0x8  sh_disect.o [12]
  .rodata                 const    0x00026a04     0x18  sh_disect.o [12]
  .rodata                 const    0x00026a1c     0x20  sh_disect.o [12]
  .rodata                 const    0x00026a3c     0x24  sh_disect.o [12]
  .rodata                 const    0x00026a60     0x24  sh_disect.o [12]
  .rodata                 const    0x00026a84      0xc  sh_exit.o [12]
  .rodata                 const    0x00026a90      0x8  sh_format.o [12]
  .rodata                 const    0x00026a98      0x4  sh_format.o [12]
  .rodata                 const    0x00026a9c      0x4  sh_format.o [12]
  .rodata                 const    0x00026aa0      0x4  sh_format.o [12]
  .rodata                 const    0x00026aa4      0x4  sh_format.o [12]
  .rodata                 const    0x00026aa8     0x28  sh_format.o [12]
  .rodata                 const    0x00026ad0     0x24  sh_format.o [12]
  .rodata                 const    0x00026af4     0x10  sh_format.o [12]
  .rodata                 const    0x00026b04     0x20  sh_format.o [12]
  .rodata                 const    0x00026b24     0x2c  sh_format.o [12]
  .rodata                 const    0x00026b50      0x8  sh_format.o [12]
  .rodata                 const    0x00026b58     0x20  sh_format.o [12]
  .rodata                 const    0x00026b78     0x28  sh_format.o [12]
  .rodata                 const    0x00026ba0     0x40  sh_format.o [12]
  .rodata                 const    0x00026be0     0x34  sh_format.o [12]
  .rodata                 const    0x00026c14     0x14  sh_format.o [12]
  .rodata                 const    0x00026c28      0x8  sh_help.o [12]
  .rodata                 const    0x00026c30      0x8  sh_help.o [12]
  .rodata                 const    0x00026c38     0x18  sh_help.o [12]
  .rodata                 const    0x00026c50      0x8  sh_help.o [12]
  .rodata                 const    0x00026c58     0x28  sh_help.o [12]
  .rodata                 const    0x00026c80     0x10  sh_help.o [12]
  .rodata                 const    0x00026c90     0x18  sh_help.o [12]
  .rodata                 const    0x00026ca8     0x28  sh_help.o [12]
  .rodata                 const    0x00026cd0     0x28  sh_mkdir.o [12]
  .rodata                 const    0x00026cf8     0x2c  sh_mkdir.o [12]
  .rodata                 const    0x00026d24     0x20  sh_mkdir.o [12]
  .rodata                 const    0x00026d44     0x20  sh_mkdir.o [12]
  .rodata                 const    0x00026d64     0x14  sh_mkdir.o [12]
  .rodata                 const    0x00026d78     0x18  sh_mkdir.o [12]
  .rodata                 const    0x00026d90     0x30  sh_mkdir.o [12]
  .rodata                 const    0x00026dc0     0x28  sh_pwd.o [12]
  .rodata                 const    0x00026de8     0x20  sh_pwd.o [12]
  .rodata                 const    0x00026e08      0x8  sh_pwd.o [12]
  .rodata                 const    0x00026e10      0x8  sh_pwd.o [12]
  .rodata                 const    0x00026e18      0xc  sh_pwd.o [12]
  .rodata                 const    0x00026e24     0x28  sh_read.o [12]
  .rodata                 const    0x00026e4c     0x18  sh_read.o [12]
  .rodata                 const    0x00026e64     0x20  sh_read.o [12]
  .rodata                 const    0x00026e84      0x8  sh_read.o [12]
  .rodata                 const    0x00026e8c      0x8  sh_read.o [12]
  .rodata                 const    0x00026e94     0x1c  sh_read.o [12]
  .rodata                 const    0x00026eb0     0x1c  sh_read.o [12]
  .rodata                 const    0x00026ecc     0x2c  sh_read.o [12]
  .rodata                 const    0x00026ef8     0x14  sh_read.o [12]
  .rodata                 const    0x00026f0c      0x8  sh_read.o [12]
  .rodata                 const    0x00026f14     0x20  sh_read.o [12]
  .rodata                 const    0x00026f34     0x20  sh_read.o [12]
  .rodata                 const    0x00026f54     0x30  sh_read.o [12]
  .rodata                 const    0x00026f84     0x38  sh_read.o [12]
  .rodata                 const    0x00026fbc     0x28  sh_read.o [12]
  .rodata                 const    0x00026fe4     0x2c  sh_read.o [12]
  .rodata                 const    0x00027010     0x34  sh_read.o [12]
  .rodata                 const    0x00027044     0x20  sh_read.o [12]
  .rodata                 const    0x00027064     0x28  sh_rename.o [12]
  .rodata                 const    0x0002708c     0x2c  sh_rename.o [12]
  .rodata                 const    0x000270b8     0x34  sh_rename.o [12]
  .rodata                 const    0x000270ec     0x20  sh_rename.o [12]
  .rodata                 const    0x0002710c     0x18  sh_rename.o [12]
  .rodata                 const    0x00027124     0x1c  sh_rename.o [12]
  .rodata                 const    0x00027140     0x20  sh_rename.o [12]
  .rodata                 const    0x00027160     0x28  sh_rename.o [12]
  .rodata                 const    0x00027188     0x24  sh_rename.o [12]
  .rodata                 const    0x000271ac     0x28  sh_rmdir.o [12]
  .rodata                 const    0x000271d4     0x2c  sh_rmdir.o [12]
  .rodata                 const    0x00027200     0x20  sh_rmdir.o [12]
  .rodata                 const    0x00027220     0x20  sh_rmdir.o [12]
  .rodata                 const    0x00027240     0x14  sh_rmdir.o [12]
  .rodata                 const    0x00027254     0x14  sh_rmdir.o [12]
  .rodata                 const    0x00027268     0x18  sh_rmdir.o [12]
  .rodata                 const    0x00027280     0x30  sh_rmdir.o [12]
  .rodata                 const    0x000272b0     0x28  sh_sh.o [12]
  .rodata                 const    0x000272d8     0x20  sh_sh.o [12]
  .rodata                 const    0x000272f8     0x10  sh_sh.o [12]
  .rodata                 const    0x00027308     0x18  sh_sh.o [12]
  .rodata                 const    0x00027320     0x28  sh_sh.o [12]
  .rodata                 const    0x00027348     0x20  sh_type.o [12]
  .rodata                 const    0x00027368     0x2c  sh_type.o [12]
  .rodata                 const    0x00027394     0x20  sh_type.o [12]
  .rodata                 const    0x000273b4     0x38  sh_type.o [12]
  .rodata                 const    0x000273ec     0x10  sh_type.o [12]
  .rodata                 const    0x000273fc     0x18  sh_type.o [12]
  .rodata                 const    0x00027414     0x28  sh_type.o [12]
  .rodata                 const    0x0002743c     0x28  sh_write.o [12]
  .rodata                 const    0x00027464     0x20  sh_write.o [12]
  .rodata                 const    0x00027484     0x18  sh_write.o [12]
  .rodata                 const    0x0002749c      0x8  sh_write.o [12]
  .rodata                 const    0x000274a4      0x8  sh_write.o [12]
  .rodata                 const    0x000274ac     0x1c  sh_write.o [12]
  .rodata                 const    0x000274c8     0x1c  sh_write.o [12]
  .rodata                 const    0x000274e4     0x2c  sh_write.o [12]
  .rodata                 const    0x00027510     0x18  sh_write.o [12]
  .rodata                 const    0x00027528      0xc  sh_write.o [12]
  .rodata                 const    0x00027534     0x20  sh_write.o [12]
  .rodata                 const    0x00027554     0x20  sh_write.o [12]
  .rodata                 const    0x00027574     0x34  sh_write.o [12]
  .rodata                 const    0x000275a8     0x30  sh_write.o [12]
  .rodata                 const    0x000275d8     0x38  sh_write.o [12]
  .rodata                 const    0x00027610     0x28  sh_write.o [12]
  .rodata                 const    0x00027638     0x2c  sh_write.o [12]
  .rodata                 const    0x00027664     0x34  sh_write.o [12]
  .rodata                 const    0x00027698     0x20  sh_write.o [12]
  .rodata                 const    0x000276b8     0x18  nandflash_wl_init.o [6]
  .rodata                 const    0x000276d0     0x28  nandflash_wl.o [6]
  .rodata                 const    0x000276f8      0x4  dir_read.o [8]
  .rodata                 const    0x000276fc      0x4  dir_read.o [8]
  .rodata                 const    0x00027700      0x4  dir_read.o [8]
  .rodata                 const    0x00027704      0x4  dir_read.o [8]
  .rodata                 const    0x00027708      0x4  dir_read.o [8]
  .rodata                 const    0x0002770c      0x4  dir_read.o [8]
  .rodata                 const    0x00027710      0x4  dir_read.o [8]
  .rodata                 const    0x00027714      0x4  dir_read.o [8]
  .rodata                 const    0x00027718      0x4  dir_read.o [8]
  .rodata                 const    0x0002771c      0x4  dir_read.o [8]
  .rodata                 const    0x00027720      0x4  dir_read.o [8]
  .rodata                 const    0x00027724      0x4  dir_read.o [8]
  .rodata                 const    0x00027728      0x4  dir_read.o [8]
  .rodata                 const    0x0002772c     0x40  dir_read.o [8]
  .rodata                 const    0x0002776c     0x14  dir_read.o [8]
  .rodata                 const    0x00027780     0x10  dir_read.o [8]
  .rodata                 const    0x00027790      0xc  dir_read.o [8]
  .rodata                 const    0x0002779c      0xc  dir_read.o [8]
  .rodata                 const    0x000277a8      0x8  dir_read.o [8]
  .rodata                 const    0x000277b0      0x8  dir_read.o [8]
  .rodata                 const    0x000277b8     0x34  dir_read.o [8]
  .rodata                 const    0x000277ec      0xc  init_nandflash.o [3]
  .rodata                 const    0x000277f8     0x48  init_nandflash.o [3]
  .rodata                 const    0x00027840     0x1c  nfc_wl.o [6]
  .rodata                 const    0x0002785c      0x8  nfc_wl.o [6]
  .rodata                 const    0x00027864      0x8  nfc_wl.o [6]
  .rodata                 const    0x0002786c     0x5c  nfc_wl.o [6]
  .rodata                 const    0x000278c8     0x4c  nfc_wl.o [6]
  .rodata                 const    0x00027914     0x50  nfc_wl.o [6]
  .rodata                 const    0x00027964     0x14  nfc_wl.o [6]
  .rodata                 const    0x00027978     0x1c  nfc_wl.o [6]
  .rodata                 const    0x00027994     0x48  nfc_wl.o [6]
  .rodata                 const    0x000279dc     0x4c  nfc_wl.o [6]
  .rodata                 const    0x00027a28     0x50  nfc_wl.o [6]
  .rodata                 const    0x00027a78     0x5c  nfc_wl.o [6]
  .rodata                 const    0x00027ad4     0x14  nfc_wl.o [6]
  .rodata                 const    0x00027ae8     0x1c  nfc_wl.o [6]
  .rodata                 const    0x00027b04     0x18  mqx.o [9]
  .rodata                 const    0x00027b1c     0x10  mqx.o [9]
  .rodata                 const    0x00027b2c      0xc  mqx.o [9]
  .rodata                 const    0x00027b38      0x4  mqx.o [9]
  .rodata                 const    0x00027b3c      0x4  mqx.o [9]
  .rodata                 const    0x00027b40     0x14  mfs_create.o [8]
  .rodata                 const    0x00027b54     0x14  mfs_create.o [8]
  .rodata                 const    0x00027b68     0x14  mfs_format.o [8]
  .rodata                 const    0x00027b7c     0x14  mfs_format.o [8]
  .rodata                 const    0x00027b90     0x14  mfs_format.o [8]
  .rodata                 const    0x00027ba4     0x30  mfs_format.o [8]
  .rodata                 const    0x00027bd4      0xc  mfs_lfn.o [8]
  .rodata                 const    0x00027be0     0x2c  ddi_ldl_init.o [6]
  .rodata                 const    0x00027c0c     0x2c  ddi_ldl_init.o [6]
  .rodata                 const    0x00027c38     0x64  ddi_ldl_init.o [6]
  .rodata                 const    0x00027c9c     0x2c  media_buffer_manager_init.o [6]
  .rodata                 const    0x00027cc8     0x24  media_buffer_manager_init.o [6]
  .rodata                 const    0x00027cec     0x78  media_buffer_manager_init.o [6]
  .rodata                 const    0x00027d64     0x20  media_buffer_manager_init.o [6]
  .rodata                 const    0x00027d84     0x14  io_dopr.o [9]
  .rodata                 const    0x00027d98     0x14  io_dopr.o [9]
  .rodata                 const    0x00027dac      0x8  init_bsp.o [3]
  .rodata                 const    0x00027db4      0x8  init_bsp.o [3]
  .rodata                 const    0x00027dbc      0x8  init_bsp.o [3]
  .rodata                 const    0x00027dc4      0x8  init_bsp.o [3]
  .rodata                 const    0x00027dcc      0x8  init_bsp.o [3]
  .rodata                 const    0x00027dd4     0x1c  time_tables.o [9]
  .rodata                 const    0x00027df0     0x68  time_tables.o [9]
  .rodata                 const    0x00027e58    0x20c  time_tables.o [9]
  .rodata                 const    0x00028064     0x2c  ddi_ldl_iterator.o [6]
  .rodata                 const    0x00028090      0x8  ddi_ldl_iterator.o [6]
  .rodata                 const    0x00028098     0x68  ddi_ldl_iterator.o [6]
  .rodata                 const    0x00028100     0x2c  media_buffer_manager.o [6]
  .rodata                 const    0x0002812c      0xc  media_buffer_manager.o [6]
  .rodata                 const    0x00028138     0x70  media_buffer_manager.o [6]
  .rodata                 const    0x000281a8     0x20  media_buffer_manager.o [6]
  .rodata                 const    0x000281c8     0x28  media_buffer_manager.o [6]
  .rodata                 const    0x000281f0      0xc  media_buffer_manager.o [6]
  .rodata                 const    0x000281fc      0xc  media_buffer_manager.o [6]
  .rodata                 const    0x00028208      0xc  media_buffer_manager.o [6]
  .rodata                 const    0x00028214     0x10  media_buffer_manager.o [6]
  .rodata                 const    0x00028224     0x88  media_buffer_manager.o [6]
  .rodata                 const    0x000282ac     0x24  ddi_nand_media_init.o [6]
  .rodata                 const    0x000282d0     0x48  ddi_nand_media_init.o [6]
  .rodata                 const    0x00028318     0x2c  ddi_nand_media_init.o [6]
  .rodata                 const    0x00028344     0x10  ddi_nand_media_init.o [6]
  .rodata                 const    0x00028354     0x6c  ddi_nand_media_init.o [6]
  .rodata                 const    0x000283c0     0x10  ddi_nand_media_init.o [6]
  .rodata                 const    0x000283d0      0xc  ddi_nand_media_init.o [6]
  .rodata                 const    0x000283dc     0x10  ddi_nand_media_init.o [6]
  .rodata                 const    0x000283ec     0x10  ddi_nand_media_init.o [6]
  .rodata                 const    0x000283fc      0xc  timer.o [9]
  .rodata                 const    0x00028408     0x1c  init_gpio.o [3]
  .rodata                 const    0x00028424     0x1c  init_gpio.o [3]
  .rodata                 const    0x00028440      0x4  init_gpio.o [3]
  .rodata                 const    0x00028444     0x1c  init_gpio.o [3]
  .rodata                 const    0x00028460      0x4  init_gpio.o [3]
  .rodata                 const    0x00028464     0x1c  init_gpio.o [3]
  .rodata                 const    0x00028480      0x4  init_gpio.o [3]
  .rodata                 const    0x00028484     0x10  init_adc.o [3]
  .rodata                 const    0x00028494     0x18  init_adc.o [3]
  .rodata                 const    0x000284ac      0xc  init_esdhc.o [3]
  .rodata                 const    0x000284b8     0x14  init_i2c.o [3]
  .rodata                 const    0x000284cc     0x1c  bsp_cm.o [3]
  .rodata                 const    0x000284e8     0x78  bsp_cm.o [3]
  .rodata                 const    0x00028560      0x8  init_sai.o [3]
  .rodata                 const    0x00028568     0x1c  init_sai.o [3]
  .rodata                 const    0x00028584     0x20  init_sci.o [3]
  .rodata                 const    0x000285a4      0xc  i2c_pol_ki2c.o [3]
  .rodata                 const    0x000285b0    0x100  i2c_pol_ki2c.o [3]
  .rodata                 const    0x000286b0     0x18  krtc.o [3]
  .rodata                 const    0x000286c8     0x18  hwtimer_systick.o [3]
  .rodata                 const    0x000286e0     0x2c  simple_mutex.o [6]
  .rodata                 const    0x0002870c     0x64  simple_mutex.o [6]
  .rodata                 const    0x00028770     0x2c  nonsequential_sectors_map.o [6]
  .rodata                 const    0x0002879c     0x28  nonsequential_sectors_map.o [6]
  .rodata                 const    0x000287c4      0xc  nonsequential_sectors_map.o [6]
  .rodata                 const    0x000287d0     0x2c  nonsequential_sectors_map.o [6]
  .rodata                 const    0x000287fc     0x10  nonsequential_sectors_map.o [6]
  .rodata                 const    0x0002880c     0x78  nonsequential_sectors_map.o [6]
  .rodata                 const    0x00028884     0x2c  nonsequential_sectors_map.o [6]
  .rodata                 const    0x000288b0     0x3c  nonsequential_sectors_map.o [6]
  .rodata                 const    0x000288ec     0x2c  nonsequential_sectors_map.o [6]
  .rodata                 const    0x00028918     0x2c  nonsequential_sectors_map.o [6]
  .rodata                 const    0x00028944     0x18  nonsequential_sectors_map.o [6]
  .rodata                 const    0x0002895c     0x2c  nonsequential_sectors_map.o [6]
  .rodata                 const    0x00028988     0x10  nonsequential_sectors_map.o [6]
  .rodata                 const    0x00028998     0x2c  nonsequential_sectors_map.o [6]
  .rodata                 const    0x000289c4     0x2c  nonsequential_sectors_map.o [6]
  .rodata                 const    0x000289f0     0x24  nonsequential_sectors_map.o [6]
  .rodata                 const    0x00028a14     0x30  nonsequential_sectors_map.o [6]
  .rodata                 const    0x00028a44     0x30  nonsequential_sectors_map.o [6]
  .rodata                 const    0x00028a74     0x44  nonsequential_sectors_map.o [6]
  .rodata                 const    0x00028ab8     0x10  nonsequential_sectors_map.o [6]
  .rodata                 const    0x00028ac8     0x2c  bad_block_table.o [6]
  .rodata                 const    0x00028af4      0xc  bad_block_table.o [6]
  .rodata                 const    0x00028b00     0x68  bad_block_table.o [6]
  .rodata                 const    0x00028b68     0x18  bad_block_table.o [6]
  .rodata                 const    0x00028b80     0x10  deferred_task_queue.o [6]
  .rodata                 const    0x00028b90     0x2c  deferred_task_queue.o [6]
  .rodata                 const    0x00028bbc      0x8  deferred_task_queue.o [6]
  .rodata                 const    0x00028bc4     0x6c  deferred_task_queue.o [6]
  .rodata                 const    0x00028c30     0x1c  deferred_task_queue.o [6]
  .rodata                 const    0x00028c4c     0x2c  ddi_nand_media_allocate.o [6]
  .rodata                 const    0x00028c78      0xc  ddi_nand_media_allocate.o [6]
  .rodata                 const    0x00028c84     0x70  ddi_nand_media_allocate.o [6]
  .rodata                 const    0x00028cf4     0x2c  ddi_nand_media_allocate.o [6]
  .rodata                 const    0x00028d20     0x44  ddi_nand_media_allocate.o [6]
  .rodata                 const    0x00028d64     0x2c  mapper.o [6]
  .rodata                 const    0x00028d90     0x1c  mapper.o [6]
  .rodata                 const    0x00028dac     0x60  mapper.o [6]
  .rodata                 const    0x00028e0c      0x8  mapper.o [6]
  .rodata                 const    0x00028e14     0x20  mapper.o [6]
  .rodata                 const    0x00028e34     0x68  mapper.o [6]
  .rodata                 const    0x00028e9c      0xc  mapper.o [6]
  .rodata                 const    0x00028ea8     0x30  mapper.o [6]
  .rodata                 const    0x00028ed8     0x14  mapper.o [6]
  .rodata                 const    0x00028eec     0x2c  ddi_nand_hal_common.o [6]
  .rodata                 const    0x00028f18     0x64  ddi_nand_hal_common.o [6]
  .rodata                 const    0x00028f7c     0x14  ddi_nand_hal_common.o [6]
  .rodata                 const    0x00028f90     0x24  ddi_nand_media_discover.o [6]
  .rodata                 const    0x00028fb4     0x24  ddi_nand_media_discover.o [6]
  .rodata                 const    0x00028fd8     0x2c  ddi_nand_media_discover.o [6]
  .rodata                 const    0x00029004     0x70  ddi_nand_media_discover.o [6]
  .rodata                 const    0x00029074      0xc  ddi_nand_media_discover.o [6]
  .rodata                 const    0x00029080     0x58  ddi_nand_media_discover.o [6]
  .rodata                 const    0x000290d8     0x20  adc_kadc.o [3]
  .rodata                 const    0x000290f8     0x40  edma_kinetisf.o [3]
  .rodata                 const    0x00029138      0x4  edma_kinetisf.o [3]
  .rodata                 const    0x0002913c     0x2c  double_list.o [6]
  .rodata                 const    0x00029168      0x8  double_list.o [6]
  .rodata                 const    0x00029170     0x60  double_list.o [6]
  .rodata                 const    0x000291d0     0x14  red_black_tree.o [6]
  .rodata                 const    0x000291e4     0x14  red_black_tree.o [6]
  .rodata                 const    0x000291f8     0x10  red_black_tree.o [6]
  .rodata                 const    0x00029208     0x2c  red_black_tree.o [6]
  .rodata                 const    0x00029234      0xc  red_black_tree.o [6]
  .rodata                 const    0x00029240     0x64  red_black_tree.o [6]
  .rodata                 const    0x000292a4     0x14  red_black_tree.o [6]
  .rodata                 const    0x000292b8     0x18  red_black_tree.o [6]
  .rodata                 const    0x000292d0     0x10  wlru.o [6]
  .rodata                 const    0x000292e0     0x28  deferred_task.o [6]
  .rodata                 const    0x00029308     0x2c  page_order_map.o [6]
  .rodata                 const    0x00029334     0x24  page_order_map.o [6]
  .rodata                 const    0x00029358     0x68  page_order_map.o [6]
  .rodata                 const    0x000293c0     0x14  page_order_map.o [6]
  .rodata                 const    0x000293d4      0xc  page_order_map.o [6]
  .rodata                 const    0x000293e0     0x1c  page_order_map.o [6]
  .rodata                 const    0x000293fc     0x24  ddi_page.o [6]
  .rodata                 const    0x00029420     0x2c  ddi_page.o [6]
  .rodata                 const    0x0002944c     0x1c  ddi_page.o [6]
  .rodata                 const    0x00029468     0x60  ddi_page.o [6]
  .rodata                 const    0x000294c8     0x18  ddi_page.o [6]
  .rodata                 const    0x000294e0     0x2c  ddi_block.o [6]
  .rodata                 const    0x0002950c      0x8  ddi_block.o [6]
  .rodata                 const    0x00029514     0x64  ddi_block.o [6]
  .rodata                 const    0x00029578     0x2c  ddi_nand_mapper_get_info.o [6]
  .rodata                 const    0x000295a4     0x14  ddi_nand_mapper_get_info.o [6]
  .rodata                 const    0x000295b8     0x70  ddi_nand_mapper_get_info.o [6]
  .rodata                 const    0x00029628     0x10  ddi_nand_mapper_get_info.o [6]
  .rodata                 const    0x00029638     0x2c  phy_map.o [6]
  .rodata                 const    0x00029664      0xc  phy_map.o [6]
  .rodata                 const    0x00029670     0x60  phy_map.o [6]
  .rodata                 const    0x000296d0     0x20  phy_map.o [6]
  .rodata                 const    0x000296f0     0x10  phy_map.o [6]
  .rodata                 const    0x00029700     0x2c  ddi_metadata.o [6]
  .rodata                 const    0x0002972c      0xc  ddi_metadata.o [6]
  .rodata                 const    0x00029738     0x64  ddi_metadata.o [6]
  .rodata                 const    0x0002979c     0x18  zone_map_cache.o [6]
  .rodata                 const    0x000297b4     0x2c  zone_map_cache.o [6]
  .rodata                 const    0x000297e0     0x10  zone_map_cache.o [6]
  .rodata                 const    0x000297f0     0x68  zone_map_cache.o [6]
  .rodata                 const    0x00029858     0x10  zone_map_cache.o [6]
  .rodata                 const    0x00029868     0x14  zone_map_cache.o [6]
  .rodata                 const    0x0002987c     0x14  zone_map_cache.o [6]
  .rodata                 const    0x00029890     0x24  zone_map_cache.o [6]
  .rodata                 const    0x000298b4     0x24  zone_map_cache.o [6]
  .rodata                 const    0x000298d8     0x18  persistent_phy_map.o [6]
  .rodata                 const    0x000298f0     0x2c  persistent_phy_map.o [6]
  .rodata                 const    0x0002991c      0xc  persistent_phy_map.o [6]
  .rodata                 const    0x00029928     0x6c  persistent_phy_map.o [6]
  .rodata                 const    0x00029994     0x14  persistent_phy_map.o [6]
  .rodata                 const    0x000299a8     0x2c  ddi_nand_mapper_utilities.o [6]
  .rodata                 const    0x000299d4     0x38  ddi_nand_mapper_utilities.o [6]
  .rodata                 const    0x00029a0c     0x74  ddi_nand_mapper_utilities.o [6]
  .rodata                 const    0x00029a80     0x38  ddi_nand_mapper_utilities.o [6]
  .rodata                 const    0x00029ab8     0x38  ddi_nand_mapper_utilities.o [6]
  .rodata                 const    0x00029af0     0x54  ddi_nand_hal_nfcphymedia.o [6]
  .rodata                 const    0x00029b44     0x2c  ddi_nand_hal_nfcphymedia.o [6]
  .rodata                 const    0x00029b70      0xc  ddi_nand_hal_nfcphymedia.o [6]
  .rodata                 const    0x00029b7c     0x6c  ddi_nand_hal_nfcphymedia.o [6]
  .rodata                 const    0x00029be8     0x38  ddi_nand_data_drive_init.o [6]
  .rodata                 const    0x00029c20     0x2c  ddi_nand_data_drive_init.o [6]
  .rodata                 const    0x00029c4c      0xc  ddi_nand_data_drive_init.o [6]
  .rodata                 const    0x00029c58     0x74  ddi_nand_data_drive_init.o [6]
  .rodata                 const    0x00029ccc     0x10  adc_mk60.o [3]
  .rodata                 const    0x00029cdc     0x2c  ddi_nand_mapper_zone_map_cache_lookup.o [6]
  .rodata                 const    0x00029d08     0x58  ddi_nand_mapper_zone_map_cache_lookup.o [6]
  .rodata                 const    0x00029d60     0x80  ddi_nand_mapper_zone_map_cache_lookup.o [6]
  .rodata                 const    0x00029de0     0x18  persistent_map.o [6]
  .rodata                 const    0x00029df8     0x2c  persistent_map.o [6]
  .rodata                 const    0x00029e24     0x18  persistent_map.o [6]
  .rodata                 const    0x00029e3c     0x68  persistent_map.o [6]
  .rodata                 const    0x00029ea4     0x44  persistent_map.o [6]
  .rodata                 const    0x00029ee8      0x8  persistent_map.o [6]
  .rodata                 const    0x00029ef0     0x24  zone_map_section_page.o [6]
  .rodata                 const    0x00029f14     0x2c  zone_map_section_page.o [6]
  .rodata                 const    0x00029f40      0xc  zone_map_section_page.o [6]
  .rodata                 const    0x00029f4c     0x70  zone_map_section_page.o [6]
  .rodata                 const    0x00029fbc      0xc  zone_map_section_page.o [6]
  .rodata                 const    0x00029fc8     0x10  zone_map_section_page.o [6]
  .rodata                 const    0x00029fd8     0x18  zone_map_section_page.o [6]
  .rodata                 const    0x00029ff0     0x1c  zone_map_section_page.o [6]
  .rodata                 const    0x0002a00c     0x18  zone_map_section_page.o [6]
  .rodata                 const    0x0002a024     0x14  zone_map_section_page.o [6]
  .rodata                 const    0x0002a038     0x2c  ddi_nand_data_drive_read_sector.o [6]
  .rodata                 const    0x0002a064     0x58  ddi_nand_data_drive_read_sector.o [6]
[...]
nand::PageAddress::operator =(const nand::PageAddress&)
                        0x0001e169   0x12  Code  Gb  ddi_page.o [6]
nand::PageAddress::set(const nand::PageAddress&)
                        0x0001e17b    0x6  Code  Gb  ddi_page.o [6]
nand::PageOrderMap::PageOrderMap()
                        0x0001c8ff    0xe  Code  Gb  persistent_map.o [6]
nand::PageOrderMap::cleanup()
                        0x0001c9c7   0x1a  Code  Gb  page_order_map.o [6]
nand::PageOrderMap::clear()
                        0x0001cb2d   0x20  Code  Gb  page_order_map.o [6]
nand::PageOrderMap::countDistinctEntries() const
                        0x0001cb4d   0x28  Code  Gb  page_order_map.o [6]
nand::PageOrderMap::getEntryCount() const
                        0x0001cf87    0x4  Code  Gb  page_order_map.o [6]
nand::PageOrderMap::init(unsigned int, unsigned int)
                        0x0001c963   0x64  Code  Gb  page_order_map.o [6]
nand::PageOrderMap::isInSortedOrder(unsigned int) const
                        0x0001cacd   0x38  Code  Gb  page_order_map.o [6]
nand::PageOrderMap::isOccupied(unsigned int) const
                        0x0001ca0d   0x36  Code  Gb  page_order_map.o [6]
nand::PageOrderMap::operator =(const nand::PageOrderMap&)
                        0x0001c929   0x3a  Code  Gb  page_order_map.o [6]
nand::PageOrderMap::operator [](unsigned int) const
                        0x0001ca95   0x20  Code  Gb  page_order_map.o [6]
nand::PageOrderMap::setEntry(unsigned int, unsigned char)
                        0x0001c9e1   0x2c  Code  Gb  page_order_map.o [6]
nand::PageOrderMap::setOccupied(unsigned int, bool)
                        0x0001ca43   0x52  Code  Gb  page_order_map.o [6]
nand::PageOrderMap::setSortedOrder()
                        0x0001cb05   0x28  Code  Gb  page_order_map.o [6]
nand::PageOrderMap::~PageOrderMap()
                        0x0001c90d    0xe  Code  Gb  persistent_map.o [6]
nand::PersistentMap::PersistentMap(nand::Mapper &, unsigned int, unsigned int)
                        0x0001d205   0x3a  Code  Gb  persistent_map.o [6]
nand::PersistentMap::PersistentMap(nand::Mapper &, unsigned int, unsigned int) [subobject]
                        0x0001d1ed    0xc  Code  Gb  persistent_map.o [6]
nand::PersistentMap::addSection(unsigned char *, unsigned int, unsigned int)
                        0x0001da09  0x174  Code  Gb  persistent_map.o [6]
nand::PersistentMap::buildSectionOffsetTable()
                        0x0001d481  0x12c  Code  Gb  persistent_map.o [6]
nand::PersistentMap::consolidate(bool, unsigned int, unsigned char *, unsigned int)
                        0x0001d727  0x282  Code  Gb  persistent_map.o [6]
nand::PersistentMap::fillUnknownSectionOffsets(nand::ZoneMapSectionPage &, bool &)
                        0x0001d661   0xc6  Code  Gb  persistent_map.o [6]
nand::PersistentMap::findTopPageIndex(nand::ZoneMapSectionPage &, bool &)
                        0x0001d5ad   0xb4  Code  Gb  persistent_map.o [6]
nand::PersistentMap::getMapBlock()
                        0x0001dfc9    0xe  Code  Gb  ddi_nand_mapper_utilities.o [6]
nand::PersistentMap::getSectionForConsolidate(unsigned int, unsigned int, unsigned char *&, unsigned int &, unsigned char *)
                        0x0001d9a9   0x60  Code  Gb  persistent_map.o [6]
nand::PersistentMap::init(int, int)
                        0x0001d255   0x3c  Code  Gb  persistent_map.o [6]
nand::PersistentMap::isMapBlock(nand::BlockAddress const &)
                        0x0001bbb9   0x24  Code  Gb  mapper.o [6]
nand::PersistentMap::retrieveSection(unsigned int, unsigned char *, bool)
                        0x0001d291  0x1f0  Code  Gb  persistent_map.o [6]
nand::PersistentMap::~PersistentMap()
                        0x0001d23f   0x16  Code  Gb  persistent_map.o [6]
nand::PersistentMap::~PersistentMap() [subobject]
                        0x0001d1f9    0xc  Code  Gb  persistent_map.o [6]
nand::PersistentPhyMap::PersistentPhyMap(nand::Mapper &)
                        0x0001b10f   0x2c  Code  Gb  persistent_phy_map.o [6]
nand::PersistentPhyMap::getSectionForConsolidate(unsigned int, unsigned int, unsigned char *&, unsigned int &, unsigned char *)
                        0x0001b327   0x70  Code  Gb  persistent_phy_map.o [6]
nand::PersistentPhyMap::getTrustNumber()
                        0x0001b939    0x4  Code  Gb  mapper.o [6]
nand::PersistentPhyMap::init()
                        0x0001b149   0x20  Code  Gb  persistent_phy_map.o [6]
nand::PersistentPhyMap::load()
                        0x0001b169  0x118  Code  Gb  persistent_phy_map.o [6]
nand::PersistentPhyMap::save()
                        0x0001b281   0x68  Code  Gb  persistent_phy_map.o [6]
nand::PersistentPhyMap::saveNewCopy()
                        0x0001b2e9   0x3a  Code  Gb  persistent_phy_map.o [6]
nand::PersistentPhyMap::setPhyMap(nand::PhyMap *)
                        0x0001b323    0x4  Code  Gb  persistent_phy_map.o [6]
nand::PersistentPhyMap::setTrustFlag(bool)
                        0x0001c16f    0x4  Code  Gb  mapper.o [6]
nand::PersistentPhyMap::setTrustNumber(unsigned short)
                        0x0001c173    0x4  Code  Gb  mapper.o [6]
nand::PersistentPhyMap::~PersistentPhyMap()
                        0x0001b13b    0xe  Code  Gb  persistent_phy_map.o [6]
nand::PersistentPhyMap::~PersistentPhyMap() [deleting]
                        0x0001b0f9   0x16  Code  Gb  persistent_phy_map.o [6]
nand::PhyMap::clearDirty()
                        0x0001aa4f   0x20  Code  Gb  phy_map.o [6]
nand::PhyMap::getAllEntries()
                        0x0001dfb9    0x4  Code  Gb  ddi_nand_mapper_utilities.o [6]
nand::PhyMap::getEntryCount() const
                        0x0001c191    0x4  Code  Gb  ddi_nand_mapper_utilities.o [6]
nand::PhyMap::getEntryCountForBlockCount(unsigned int)
                        0x0001bbb3    0x6  Code  Gb  persistent_phy_map.o [6]
nand::PhyMap::getFreeCount() const
                        0x0001aa09   0x26  Code  Gb  phy_map.o [6]
nand::PhyMap::init(unsigned int)
                        0x0001a881   0x48  Code  Gb  phy_map.o [6]
nand::PhyMap::isBlockFree(unsigned int) const
                        0x0001a9e1   0x28  Code  Gb  phy_map.o [6]
nand::PhyMap::isBlockUsed(unsigned int) const
                        0x0001c1bb   0x16  Code  Gb  mapper.o [6]
nand::PhyMap::isDirty() const
                        0x0001c167    0x4  Code  Gb  mapper.o [6]
nand::PhyMap::markAll(bool)
                        0x0001a8e1   0x24  Code  Gb  phy_map.o [6]
nand::PhyMap::markBlock(unsigned int, bool, bool)
                        0x0001a905   0xc2  Code  Gb  phy_map.o [6]
nand::PhyMap::markBlockFree(unsigned int)
                        0x0001c1a7   0x14  Code  Gb  mapper.o [6]
nand::PhyMap::markBlockFreeAndErase(unsigned int)
                        0x0001bbdd   0x14  Code  Gb  persistent_map.o [6]
nand::PhyMap::markBlockUsed(unsigned int)
                        0x0001bfdd   0x14  Code  Gb  mapper.o [6]
nand::PhyMap::operator [](unsigned int)
                        0x0001dfbd    0x8  Code  Gb  ddi_nand_mapper_utilities.o [6]
nand::PhyMap::setDirty()
                        0x0001aa2f   0x20  Code  Gb  phy_map.o [6]
nand::PhyMap::setDirtyCallback(void (*)(nand::PhyMap*, bool, bool, void *), void *)
                        0x0001aa6f    0x6  Code  Gb  mapper.o [6]
nand::PhyMap::~PhyMap()
                        0x0001a8c9   0x18  Code  Gb  phy_map.o [6]
nand::Region::Iterator::Iterator(nand::Region**, unsigned int)
                        0x0001dff3    0xa  Code  Gb  ddi_nand_data_drive_erase.o [6]
nand::Region::Iterator::getNext()
                        0x0001b95f   0x20  Code  Gb  ddi_nand_data_drive_erase.o [6]
nand::Region::Region()  0x000155ab   0x3c  Code  Gb  ddi_nand_media_init.o [6]
nand::Region::Region() [subobject]
                        0x000153e1    0xc  Code  Gb  ddi_nand_media_init.o [6]
nand::Region::create(nand::_NandConfigBlockRegionInfo *)
                        0x00022251   0x80  Code  Gb  ddi_nand_media_discover.o [6]
nand::Region::initFromConfigBlock(nand::_NandConfigBlockRegionInfo *)
                        0x000222d1   0x4c  Code  Gb  ddi_nand_media_discover.o [6]
nand::Region::isDataRegion() const
                        0x00024f53   0x1c  Code  Gb  ddi_nand_media_discover.o [6]
nand::Region::setDirty()
                        0x0001cc23    0x8  Code  Gb  ddi_nand_media_regions.o [6]
nand::Region::~Region()
                        0x00024efd    0x2  Code  Gb  ddi_nand_media_discover.o [6]
nand::Region::~Region() [subobject]
                        0x00024ef1    0xc  Code  Gb  ddi_nand_media_discover.o [6]
nand::RelocateVirtualBlockTask::RelocateVirtualBlockTask(nand::NssmManager *, unsigned int)
                        0x00019f7d   0x1c  Code  Gb  nonsequential_sectors_map.o [6]
nand::RelocateVirtualBlockTask::examineOne(nand::DeferredTask *)
                        0x00019f9f   0x42  Code  Gb  nonsequential_sectors_map.o [6]
nand::RelocateVirtualBlockTask::getTaskTypeID() const
                        0x00019f99    0x6  Code  Gb  nonsequential_sectors_map.o [6]
nand::RelocateVirtualBlockTask::getVirtualBlock() const
                        0x0001d0e7    0x4  Code  Gb  nonsequential_sectors_map.o [6]
nand::RelocateVirtualBlockTask::task()
                        0x00019fe1   0x2a  Code  Gb  nonsequential_sectors_map.o [6]
nand::RelocateVirtualBlockTask::~RelocateVirtualBlockTask()
                        0x00024f23    0xe  Code  Gb  nonsequential_sectors_map.o [6]
nand::RelocateVirtualBlockTask::~RelocateVirtualBlockTask() [deleting]
                        0x00024f3d   0x16  Code  Gb  nonsequential_sectors_map.o [6]
nand::SystemRegion::SystemRegion()
                        0x000155e7   0x12  Code  Gb  ddi_nand_media_init.o [6]
nand::SystemRegion::SystemRegion() [subobject]
                        0x000153ed    0xc  Code  Gb  ddi_nand_media_init.o [6]
nand::SystemRegion::addNewBadBlock(nand::BlockAddress const &)
                        0x00002943    0x2  Code  Gb  ddi_nand_media_discover.o [6]
nand::SystemRegion::getBadBlockCount() const
                        0x00001057    0x6  Code  Gb  ddi_nand_media_discover.o [6]
nand::SystemRegion::getRegionType() const
                        0x000004db    0x6  Code  Gb  ddi_nand_media_init.o [6]
nand::SystemRegion::~SystemRegion()
                        0x00024ee3    0xe  Code  Gb  ddi_nand_media_discover.o [6]
nand::SystemRegion::~SystemRegion() [deleting]
                        0x00024ecd   0x16  Code  Gb  ddi_nand_media_init.o [6]
nand::SystemRegion::~SystemRegion() [subobject]
                        0x00024f7d    0xc  Code  Gb  ddi_nand_media_discover.o [6]
nand::ZoneMapCache::ZoneMapCache(nand::Mapper &)
                        0x0001aa8b   0x34  Code  Gb  zone_map_cache.o [6]
nand::ZoneMapCache::consolidate(bool, unsigned int, unsigned char *, unsigned int)
                        0x0001ae87   0x5a  Code  Gb  zone_map_cache.o [6]
nand::ZoneMapCache::evictAndLoad(unsigned int, int)
                        0x0001df21   0x8a  Code  Gb  ddi_nand_mapper_zone_map_cache_lookup.o [6]
nand::ZoneMapCache::findZoneMap()
                        0x0001ad53   0x38  Code  Gb  zone_map_cache.o [6]
nand::ZoneMapCache::flush()
                        0x0001afdd   0x52  Code  Gb  zone_map_cache.o [6]
nand::ZoneMapCache::getBlockInfo(unsigned int, unsigned int *)
                        0x0001bff1   0x86  Code  Gb  ddi_nand_mapper_get_info.o [6]
nand::ZoneMapCache::getSectionForConsolidate(unsigned int, unsigned int, unsigned char *&, unsigned int &, unsigned char *)
                        0x0001aee1   0x8a  Code  Gb  zone_map_cache.o [6]
nand::ZoneMapCache::getTrustFlag()
                        0x0001c16b    0x4  Code  Gb  mapper.o [6]
nand::ZoneMapCache::getTrustNumber()
                        0x0001b935    0x4  Code  Gb  mapper.o [6]
nand::ZoneMapCache::init()
                        0x0001aad9   0xe4  Code  Gb  zone_map_cache.o [6]
nand::ZoneMapCache::loadCacheEntry(unsigned int, int)
                        0x0001ad8b   0xfc  Code  Gb  zone_map_cache.o [6]
nand::ZoneMapCache::lookupCacheEntry(unsigned int, int *)
                        0x0001de11  0x102  Code  Gb  ddi_nand_mapper_zone_map_cache_lookup.o [6]
nand::ZoneMapCache::readMapEntry(nand::ZoneMapCache::CacheEntry *, unsigned int)
                        0x0001c0a9   0x3c  Code  Gb  ddi_nand_mapper_get_info.o [6]
nand::ZoneMapCache::setBlockInfo(unsigned int, unsigned int)
                        0x0001b02f   0x9c  Code  Gb  zone_map_cache.o [6]
nand::ZoneMapCache::shutdown()
                        0x0001abbd   0x32  Code  Gb  zone_map_cache.o [6]
nand::ZoneMapCache::writeEmptyMap()
                        0x0001abef  0x164  Code  Gb  zone_map_cache.o [6]
nand::ZoneMapCache::writeMapEntry(nand::ZoneMapCache::CacheEntry *, unsigned int, unsigned int)
                        0x0001af6b   0x72  Code  Gb  zone_map_cache.o [6]
nand::ZoneMapCache::~ZoneMapCache()
                        0x0001aabf   0x1a  Code  Gb  zone_map_cache.o [6]
nand::ZoneMapCache::~ZoneMapCache() [deleting]
                        0x0001aa75   0x16  Code  Gb  zone_map_cache.o [6]
nand::ZoneMapSectionPage::ZoneMapSectionPage()
                        0x0001dba9   0x22  Code  Gb  zone_map_section_page.o [6]
nand::ZoneMapSectionPage::ZoneMapSectionPage(nand::PageAddress const &)
                        0x0001dbcb   0x26  Code  Gb  zone_map_section_page.o [6]
nand::ZoneMapSectionPage::buffersDidChange()
                        0x0001dc03   0x22  Code  Gb  zone_map_section_page.o [6]
nand::ZoneMapSectionPage::getMaxEntriesPerPage()
                        0x0001e245   0x14  Code  Gb  zone_map_section_page.o [6]
nand::ZoneMapSectionPage::getSectionNumber()
                        0x0001dc25   0x28  Code  Gb  zone_map_section_page.o [6]
nand::ZoneMapSectionPage::operator =(nand::PageAddress const &)
                        0x0001dbf1   0x12  Code  Gb  zone_map_section_page.o [6]
nand::ZoneMapSectionPage::setEntrySize(unsigned int)
                        0x0001ddd5    0x4  Code  Gb  persistent_map.o [6]
nand::ZoneMapSectionPage::setMapType(unsigned int)
                        0x0001dddd    0x4  Code  Gb  persistent_map.o [6]
nand::ZoneMapSectionPage::setMetadataSignature(unsigned int)
                        0x0001ddd9    0x4  Code  Gb  persistent_map.o [6]
nand::ZoneMapSectionPage::validateHeader()
                        0x0001dc4d   0x40  Code  Gb  zone_map_section_page.o [6]
nand::ZoneMapSectionPage::writeSection(unsigned int, unsigned int, unsigned char *, unsigned int *, bool, unsigned short)
                        0x0001dc8d  0x11c  Code  Gb  zone_map_section_page.o [6]
nand::ZoneMapSectionPage::~ZoneMapSectionPage()
                        0x0001dde1    0xe  Code  Gb  zone_map_section_page.o [6]
nand::is_read_status_error_excluding_ecc(unsigned long)
                        0x00024529   0x26  Code  Gb  ddi_nand_data_drive_read_sector.o [6]
nand::is_read_status_success_or_ecc_fixed(unsigned long)
                        0x0001bbf1   0x1e  Code  Gb  persistent_map.o [6]
nand::is_read_status_success_or_ecc_fixed_without_decay(unsigned long)
                        0x0001e225   0x16  Code  Gb  persistent_map.o [6]
nandflash_erase()       0x0000a22d   0x58  Code  Gb  demo.o [1]
nandflash_erase_chip()  0x0000a285   0x80  Code  Gb  demo.o [1]
nandflash_handle        0x1fff0714    0x4  Data  Gb  demo.o [1]
nandflash_repair()      0x0000a305   0x54  Code  Gb  demo.o [1]
nandwl_ignore_init      0x1fff0724    0x4  Data  Lc  nandflash_wl.o [6]
nfc_check_block         0x00021a19  0x11c  Code  Gb  nfc.o [3]
nfc_deinit              0x000214ff    0x2  Code  Gb  nfc.o [3]
nfc_dump_buff(void *, unsigned long, char *)
                        0x000206c1   0xf8  Code  Gb  nfc_wl.o [6]
nfc_erase_block         0x0002152d   0xe2  Code  Gb  nfc.o [3]
nfc_erase_flash         0x00021501   0x2c  Code  Gb  nfc.o [3]
nfc_init                0x00021299  0x266  Code  Gb  nfc.o [3]
nfc_io_init             0x00021291    0x8  Code  Gb  nfc_k60f120m.o [3]
nfc_ioctl               0x00021d21   0x32  Code  Gb  nfc.o [3]
nfc_mark_block_as_bad   0x00021b35  0x128  Code  Gb  nfc.o [3]
nfc_read_ID             0x00021c5d   0x8a  Code  Gb  nfc.o [3]
nfc_read_page           0x0002160f  0x200  Code  Gb  nfc.o [3]
nfc_read_page_metadata  0x00020b03  0x226  Code  Gb  nfc_wl.o [6]
nfc_read_page_with_metadata
                        0x000207c9  0x33a  Code  Gb  nfc_wl.o [6]
nfc_read_phy_page_raw   0x00020f7b  0x142  Code  Gb  nfc_wl.o [6]
nfc_swap_addr1          0x1fff079c    0x4  Data  Gb  nfc.o [3]
nfc_swap_addr1_with_metadata
                        0x1fff0760    0x4  Data  Gb  nfc_wl.o [6]
nfc_swap_addr2          0x1fff07a0    0x4  Data  Gb  nfc.o [3]
nfc_write_page          0x0002180f  0x20a  Code  Gb  nfc.o [3]
nfc_write_page_with_metadata
                        0x00020d29  0x252  Code  Gb  nfc_wl.o [6]
nfc_write_phy_page_raw  0x000210bd  0x166  Code  Gb  nfc_wl.o [6]
operator delete (void *)
                        0x00017537    0xa  Code  Gb  delop_0.o [5]
operator delete[] (void *)
                        0x0001d1e9    0x4  Code  Gb  delaop_0.o [5]
operator new (unsigned int)
                        0x000153bd   0x24  Code  Gb  newop_0.o [5]
operator new[] (unsigned int)
                        0x000176d7    0x8  Code  Gb  newaop_0.o [5]
os_err_code_to_wl       0x00015ac1   0x6c  Code  Gb  errcode.o [6]
pdb_external            0x1fff02b0    0x4  Data  Lc  adt_kpdb.o [3]
pdb_internal            0x1fff0a20   0x34  Data  Lc  adt_kpdb.o [3]
print_bpb               0x0001ec35  0x1c4  Code  Lc  sh_di.o [12]
print_fsi               0x0001edf9   0x78  Code  Lc  sh_di.o [12]
shell_fs_close(long, char **)
                        0x0000a583   0x5c  Code  Gb  demo.o [1]
shell_fs_open(long, char **)
                        0x0000a527   0x5c  Code  Gb  demo.o [1]
shell_nand_erase(long, char **)
                        0x0000a5df   0x5c  Code  Gb  demo.o [1]
shell_nand_erase_chip(long, char **)
                        0x0000a63b   0x5c  Code  Gb  demo.o [1]
shell_nand_repair(long, char **)
                        0x0000a697   0x5c  Code  Gb  demo.o [1]
shell_task(unsigned long)
                        0x0000a4e5   0x42  Code  Gb  demo.o [1]
std::_NomemoryNothrow()
                        0x00017533    0x4  Code  Gb  nomemory.o [5]
std::__iar_New_hand     0x1fff0a54    0x4  Data  Gb  new.o [5]
strcat                  0x00017517   0x1c  Code  Gb  strcat.o [4]
strcmp                  0x00009ac9         Code  Gb  strcmp.o [10]
strcpy                  0x00013a41         Code  Gb  strcpy.o [10]
strlen                  0x00009b0d         Code  Gb  strlen.o [10]
strncmp                 0x0000a1fd   0x2a  Code  Gb  strncmp.o [4]
strncpy                 0x00013939         Code  Gb  strncpy.o [10]
sw_time                 0x1fff0824    0x4  Data  Lc  krtc.o [3]
systick_devif           0x000286c8   0x18  Data  Gb  hwtimer_systick.o [3]
systick_get_vector      0x00021ef9    0x4  Code  Gb  hwtimer_kinetis.o [3]
systimer                0x1fff02b8   0x40  Data  Gb  init_bsp.o [3]
tolower                 0x000143db    0xc  Code  Gb  io_util.o [9]
upper_hex_string        0x00027d84   0x14  Data  Lc  io_dopr.o [9]
user_enables            0x1fff0828    0x4  Data  Lc  krtc.o [3]
user_isr                0x1fff0830    0x4  Data  Gb  krtc.o [3]
user_requests           0x1fff082c    0x4  Data  Lc  krtc.o [3]
wl_hw_get_microsecond   0x0001ddf7   0x18  Code  Gb  simple_timer.o [6]


[1] = D:\Ganglu\Documents\GitHub\K60F120M\ffs\examples\mfs_nandflash\iar\mfs_nandflash_K60F120M\K60F120M\Int Flash Debug\Obj
[2] = command line
[3] = bsp.a
[4] = dl7M_tln.a
[5] = dlpp7M_tl_nc.a
[6] = ffs.a
[7] = m7M_tlv.a
[8] = mfs.a
[9] = psp.a
[10] = rt7M_tl.a
[11] = shb_l.a
[12] = shell.a

  151 488 bytes of readonly  code memory
   21 621 bytes of readonly  data memory
    2 654 bytes of readwrite data memory

Errors: none
Warnings: none
